Archive member included to satisfy reference by file (symbol)

/usr/lib/gcc/arm-none-eabi/7.2.0/../../../../arm-none-eabi/lib/armv7-m/libc_nano.a(lib_a-atexit.o)
                              /usr/lib/gcc/arm-none-eabi/7.2.0/../../../../arm-none-eabi/lib/armv7-m/crt0.o (atexit)
/usr/lib/gcc/arm-none-eabi/7.2.0/../../../../arm-none-eabi/lib/armv7-m/libc_nano.a(lib_a-exit.o)
                              /usr/lib/gcc/arm-none-eabi/7.2.0/../../../../arm-none-eabi/lib/armv7-m/crt0.o (exit)
/usr/lib/gcc/arm-none-eabi/7.2.0/../../../../arm-none-eabi/lib/armv7-m/libc_nano.a(lib_a-fini.o)
                              /usr/lib/gcc/arm-none-eabi/7.2.0/../../../../arm-none-eabi/lib/armv7-m/crt0.o (__libc_fini_array)
/usr/lib/gcc/arm-none-eabi/7.2.0/../../../../arm-none-eabi/lib/armv7-m/libc_nano.a(lib_a-impure.o)
                              /usr/lib/gcc/arm-none-eabi/7.2.0/../../../../arm-none-eabi/lib/armv7-m/libc_nano.a(lib_a-exit.o) (_global_impure_ptr)
/usr/lib/gcc/arm-none-eabi/7.2.0/../../../../arm-none-eabi/lib/armv7-m/libc_nano.a(lib_a-init.o)
                              /usr/lib/gcc/arm-none-eabi/7.2.0/../../../../arm-none-eabi/lib/armv7-m/crt0.o (__libc_init_array)
/usr/lib/gcc/arm-none-eabi/7.2.0/../../../../arm-none-eabi/lib/armv7-m/libc_nano.a(lib_a-memset.o)
                              /usr/lib/gcc/arm-none-eabi/7.2.0/../../../../arm-none-eabi/lib/armv7-m/crt0.o (memset)
/usr/lib/gcc/arm-none-eabi/7.2.0/../../../../arm-none-eabi/lib/armv7-m/libc_nano.a(lib_a-snprintf.o)
                              build/main.o (snprintf)
/usr/lib/gcc/arm-none-eabi/7.2.0/../../../../arm-none-eabi/lib/armv7-m/libc_nano.a(lib_a-strlen.o)
                              build/uart.o (strlen)
/usr/lib/gcc/arm-none-eabi/7.2.0/../../../../arm-none-eabi/lib/armv7-m/libc_nano.a(lib_a-__atexit.o)
                              /usr/lib/gcc/arm-none-eabi/7.2.0/../../../../arm-none-eabi/lib/armv7-m/libc_nano.a(lib_a-atexit.o) (__register_exitproc)
/usr/lib/gcc/arm-none-eabi/7.2.0/../../../../arm-none-eabi/lib/armv7-m/libc_nano.a(lib_a-__call_atexit.o)
                              /usr/lib/gcc/arm-none-eabi/7.2.0/../../../../arm-none-eabi/lib/armv7-m/libc_nano.a(lib_a-__atexit.o) (__call_exitprocs)
/usr/lib/gcc/arm-none-eabi/7.2.0/../../../../arm-none-eabi/lib/armv7-m/libc_nano.a(lib_a-nano-svfprintf.o)
                              /usr/lib/gcc/arm-none-eabi/7.2.0/../../../../arm-none-eabi/lib/armv7-m/libc_nano.a(lib_a-snprintf.o) (_svfprintf_r)
/usr/lib/gcc/arm-none-eabi/7.2.0/../../../../arm-none-eabi/lib/armv7-m/libc_nano.a(lib_a-nano-vfprintf_i.o)
                              /usr/lib/gcc/arm-none-eabi/7.2.0/../../../../arm-none-eabi/lib/armv7-m/libc_nano.a(lib_a-nano-svfprintf.o) (_printf_i)
/usr/lib/gcc/arm-none-eabi/7.2.0/../../../../arm-none-eabi/lib/armv7-m/libc_nano.a(lib_a-memchr-stub.o)
                              /usr/lib/gcc/arm-none-eabi/7.2.0/../../../../arm-none-eabi/lib/armv7-m/libc_nano.a(lib_a-nano-svfprintf.o) (memchr)
/usr/lib/gcc/arm-none-eabi/7.2.0/../../../../arm-none-eabi/lib/armv7-m/libc_nano.a(lib_a-memcpy-stub.o)
                              /usr/lib/gcc/arm-none-eabi/7.2.0/../../../../arm-none-eabi/lib/armv7-m/libc_nano.a(lib_a-nano-svfprintf.o) (memcpy)
/usr/lib/gcc/arm-none-eabi/7.2.0/../../../../arm-none-eabi/lib/armv7-m/libc_nano.a(lib_a-memmove.o)
                              /usr/lib/gcc/arm-none-eabi/7.2.0/../../../../arm-none-eabi/lib/armv7-m/libc_nano.a(lib_a-nano-svfprintf.o) (memmove)
/usr/lib/gcc/arm-none-eabi/7.2.0/../../../../arm-none-eabi/lib/armv7-m/libc_nano.a(lib_a-nano-freer.o)
                              /usr/lib/gcc/arm-none-eabi/7.2.0/../../../../arm-none-eabi/lib/armv7-m/libc_nano.a(lib_a-nano-svfprintf.o) (_free_r)
/usr/lib/gcc/arm-none-eabi/7.2.0/../../../../arm-none-eabi/lib/armv7-m/libc_nano.a(lib_a-nano-mallocr.o)
                              /usr/lib/gcc/arm-none-eabi/7.2.0/../../../../arm-none-eabi/lib/armv7-m/libc_nano.a(lib_a-nano-svfprintf.o) (_malloc_r)
/usr/lib/gcc/arm-none-eabi/7.2.0/../../../../arm-none-eabi/lib/armv7-m/libc_nano.a(lib_a-nano-reallocr.o)
                              /usr/lib/gcc/arm-none-eabi/7.2.0/../../../../arm-none-eabi/lib/armv7-m/libc_nano.a(lib_a-nano-svfprintf.o) (_realloc_r)
/usr/lib/gcc/arm-none-eabi/7.2.0/../../../../arm-none-eabi/lib/armv7-m/libc_nano.a(lib_a-sbrkr.o)
                              /usr/lib/gcc/arm-none-eabi/7.2.0/../../../../arm-none-eabi/lib/armv7-m/libc_nano.a(lib_a-nano-mallocr.o) (_sbrk_r)
/usr/lib/gcc/arm-none-eabi/7.2.0/../../../../arm-none-eabi/lib/armv7-m/libc_nano.a(lib_a-mlock.o)
                              /usr/lib/gcc/arm-none-eabi/7.2.0/../../../../arm-none-eabi/lib/armv7-m/libc_nano.a(lib_a-nano-freer.o) (__malloc_lock)
/usr/lib/gcc/arm-none-eabi/7.2.0/../../../../arm-none-eabi/lib/armv7-m/libc_nano.a(lib_a-nano-msizer.o)
                              /usr/lib/gcc/arm-none-eabi/7.2.0/../../../../arm-none-eabi/lib/armv7-m/libc_nano.a(lib_a-nano-reallocr.o) (_malloc_usable_size_r)
[...]
Memory Configuration

Name             Origin             Length             Attributes
RAM              0x0000000020000000 0x000000000000c000 xrw
FLASH            0x0000000008000000 0x0000000000040000 xr
*default*        0x0000000000000000 0xffffffffffffffff

Linker script and memory map

LOAD /usr/lib/gcc/arm-none-eabi/7.2.0/armv7-m/crti.o
LOAD /usr/lib/gcc/arm-none-eabi/7.2.0/armv7-m/crtbegin.o
LOAD /usr/lib/gcc/arm-none-eabi/7.2.0/../../../../arm-none-eabi/lib/armv7-m/crt0.o
LOAD build/stm32f1xx_hal_adc.o
LOAD build/stm32f1xx_hal_tim_ex.o
LOAD build/stm32f1xx_hal_cortex.o
LOAD build/stm32f1xx_hal_gpio.o
LOAD build/system_stm32f1xx.o
LOAD build/stm32f1xx_hal_tim.o
LOAD build/stm32f1xx_hal_adc_ex.o
LOAD build/stm32f1xx_it.o
LOAD build/stm32f1xx_hal_rcc.o
LOAD build/stm32f1xx_hal_dma.o
LOAD build/stm32f1xx_hal_uart.o
LOAD build/stm32f1xx_hal.o
LOAD build/stm32f1xx_hal_pwr.o
LOAD build/stm32f1xx_hal_i2c.o
LOAD build/stm32f1xx_hal_rcc_ex.o
LOAD build/stm32f1xx_hal_gpio_ex.o
LOAD build/stm32f1xx_hal_flash_ex.o
LOAD build/stm32f1xx_hal_flash.o
LOAD build/stm32f1xx_hal_iwdg.o
LOAD build/ADC_L.o
LOAD build/ADC_R.o
LOAD build/pid.o
LOAD build/motor_L.o
LOAD build/motor_R.o
LOAD build/uart.o
LOAD build/varie.o
LOAD build/telemetry.o
LOAD build/i2c.o
LOAD build/delay.o
LOAD build/application.o
LOAD build/main.o
LOAD build/stm32f1xx_hal_msp.o
LOAD build/startup_stm32f103xe.o
LOAD /usr/lib/gcc/arm-none-eabi/7.2.0/../../../../arm-none-eabi/lib/armv7-m/libc_nano.a
LOAD /usr/lib/gcc/arm-none-eabi/7.2.0/../../../../arm-none-eabi/lib/armv7-m/libm.a
LOAD /usr/lib/gcc/arm-none-eabi/7.2.0/../../../../arm-none-eabi/lib/armv7-m/libnosys.a
START GROUP
LOAD /usr/lib/gcc/arm-none-eabi/7.2.0/armv7-m/libgcc.a
LOAD /usr/lib/gcc/arm-none-eabi/7.2.0/../../../../arm-none-eabi/lib/armv7-m/libc_nano.a
END GROUP
START GROUP
LOAD /usr/lib/gcc/arm-none-eabi/7.2.0/armv7-m/libgcc.a
LOAD /usr/lib/gcc/arm-none-eabi/7.2.0/../../../../arm-none-eabi/lib/armv7-m/libc_nano.a
END GROUP
LOAD /usr/lib/gcc/arm-none-eabi/7.2.0/armv7-m/crtend.o
LOAD /usr/lib/gcc/arm-none-eabi/7.2.0/armv7-m/crtn.o
                0x000000002000c000                _estack = 0x2000c000
                0x0000000000000200                _Min_Heap_Size = 0x200
                0x0000000000000400                _Min_Stack_Size = 0x400

.isr_vector     0x0000000008000000      0x1e4
                0x0000000008000000                . = ALIGN (0x4)
 *(.isr_vector)
 .isr_vector    0x0000000008000000      0x1e4 build/startup_stm32f103xe.o
                0x0000000008000000                g_pfnVectors
                0x00000000080001e4                . = ALIGN (0x4)

.text           0x00000000080001e8     0x5c04
                0x00000000080001e8                . = ALIGN (0x4)
 *(.text)
 .text          0x00000000080001e8       0x10 /usr/lib/gcc/arm-none-eabi/7.2.0/../../../../arm-none-eabi/lib/armv7-m/libc_nano.a(lib_a-strlen.o)
                0x00000000080001e8                strlen
 .text          0x00000000080001f8      0x378 /usr/lib/gcc/arm-none-eabi/7.2.0/armv7-m/libgcc.a(_arm_addsubdf3.o)
                0x00000000080001f8                __aeabi_drsub
                0x0000000008000200                __aeabi_dsub
                0x0000000008000200                __subdf3
                0x0000000008000204                __adddf3
                0x0000000008000204                __aeabi_dadd
                0x000000000800047c                __aeabi_ui2d
                0x000000000800047c                __floatunsidf
                0x000000000800049c                __floatsidf
                0x000000000800049c                __aeabi_i2d
                0x00000000080004c0                __extendsfdf2
                0x00000000080004c0                __aeabi_f2d
                0x0000000008000504                __aeabi_ul2d
                0x0000000008000504                __floatundidf
                0x0000000008000514                __floatdidf
                0x0000000008000514                __aeabi_l2d
 .text          0x0000000008000570      0x424 /usr/lib/gcc/arm-none-eabi/7.2.0/armv7-m/libgcc.a(_arm_muldivdf3.o)
                0x0000000008000570                __aeabi_dmul
                0x0000000008000570                __muldf3
                0x00000000080007c4                __aeabi_ddiv
                0x00000000080007c4                __divdf3
 .text          0x0000000008000994      0x110 /usr/lib/gcc/arm-none-eabi/7.2.0/armv7-m/libgcc.a(_arm_cmpdf2.o)
                0x0000000008000994                __gtdf2
                0x0000000008000994                __gedf2
                0x000000000800099c                __ltdf2
                0x000000000800099c                __ledf2
                0x00000000080009a4                __cmpdf2
                0x00000000080009a4                __eqdf2
                0x00000000080009a4                __nedf2
                0x0000000008000a20                __aeabi_cdrcmple
                0x0000000008000a30                __aeabi_cdcmple
                0x0000000008000a30                __aeabi_cdcmpeq
                0x0000000008000a40                __aeabi_dcmpeq
                0x0000000008000a54                __aeabi_dcmplt
                0x0000000008000a68                __aeabi_dcmple
                0x0000000008000a7c                __aeabi_dcmpge
                0x0000000008000a90                __aeabi_dcmpgt
 .text          0x0000000008000aa4       0x40 /usr/lib/gcc/arm-none-eabi/7.2.0/armv7-m/libgcc.a(_arm_fixunsdfsi.o)
                0x0000000008000aa4                __fixunsdfsi
                0x0000000008000aa4                __aeabi_d2uiz
 .text          0x0000000008000ae4       0xa0 /usr/lib/gcc/arm-none-eabi/7.2.0/armv7-m/libgcc.a(_arm_truncdfsf2.o)
                0x0000000008000ae4                __aeabi_d2f
                0x0000000008000ae4                __truncdfsf2
 .text          0x0000000008000b84      0x2a0 /usr/lib/gcc/arm-none-eabi/7.2.0/armv7-m/libgcc.a(_arm_muldivsf3.o)
                0x0000000008000b84                __mulsf3
                0x0000000008000b84                __aeabi_fmul
                0x0000000008000cec                __divsf3
                0x0000000008000cec                __aeabi_fdiv
 .text          0x0000000008000e24       0xec /usr/lib/gcc/arm-none-eabi/7.2.0/armv7-m/libgcc.a(_arm_cmpsf2.o)
                0x0000000008000e24                __gtsf2
                0x0000000008000e24                __gesf2
                0x0000000008000e2c                __lesf2
                0x0000000008000e2c                __ltsf2
                0x0000000008000e34                __nesf2
                0x0000000008000e34                __eqsf2
                0x0000000008000e34                __cmpsf2
                0x0000000008000e94                __aeabi_cfrcmple
                0x0000000008000e9c                __aeabi_cfcmple
                0x0000000008000e9c                __aeabi_cfcmpeq
                0x0000000008000eac                __aeabi_fcmpeq
                0x0000000008000ec0                __aeabi_fcmplt
                0x0000000008000ed4                __aeabi_fcmple
                0x0000000008000ee8                __aeabi_fcmpge
                0x0000000008000efc                __aeabi_fcmpgt
 .text          0x0000000008000f10       0x4c /usr/lib/gcc/arm-none-eabi/7.2.0/armv7-m/libgcc.a(_arm_fixsfsi.o)
                0x0000000008000f10                __fixsfsi
                0x0000000008000f10                __aeabi_f2iz
 *(.text*)
 .text.__do_global_dtors_aux
                0x0000000008000f5c       0x24 /usr/lib/gcc/arm-none-eabi/7.2.0/armv7-m/crtbegin.o
 .text.frame_dummy
                0x0000000008000f80       0x1c /usr/lib/gcc/arm-none-eabi/7.2.0/armv7-m/crtbegin.o
 .text.ADC_DMAConvCplt
                0x0000000008000f9c       0x52 build/stm32f1xx_hal_adc.o
                0x0000000008000f9c                ADC_DMAConvCplt
 .text.HAL_ADC_ConvHalfCpltCallback
                0x0000000008000fee        0x2 build/stm32f1xx_hal_adc.o
                0x0000000008000fee                HAL_ADC_ConvHalfCpltCallback
 .text.ADC_DMAHalfConvCplt
                0x0000000008000ff0        0xa build/stm32f1xx_hal_adc.o
                0x0000000008000ff0                ADC_DMAHalfConvCplt
 .text.HAL_ADC_ErrorCallback
                0x0000000008000ffa        0x2 build/stm32f1xx_hal_adc.o
                0x0000000008000ffa                HAL_ADC_ErrorCallback
 .text.ADC_DMAError
                0x0000000008000ffc       0x1a build/stm32f1xx_hal_adc.o
                0x0000000008000ffc                ADC_DMAError
 *fill*         0x0000000008001016        0x2 
 .text.HAL_ADC_ConfigChannel
                0x0000000008001018      0x1bc build/stm32f1xx_hal_adc.o
                0x0000000008001018                HAL_ADC_ConfigChannel
 .text.ADC_Enable
                0x00000000080011d4       0x80 build/stm32f1xx_hal_adc.o
                0x00000000080011d4                ADC_Enable
 .text.HAL_ADC_Start
                0x0000000008001254       0xec build/stm32f1xx_hal_adc.o
                0x0000000008001254                HAL_ADC_Start
 .text.HAL_ADC_Start_DMA
                0x0000000008001340      0x130 build/stm32f1xx_hal_adc.o
                0x0000000008001340                HAL_ADC_Start_DMA
 .text.ADC_ConversionStop_Disable
                0x0000000008001470       0x4c build/stm32f1xx_hal_adc.o
                0x0000000008001470                ADC_ConversionStop_Disable
 .text.HAL_ADC_Init
                0x00000000080014bc      0x154 build/stm32f1xx_hal_adc.o
                0x00000000080014bc                HAL_ADC_Init
 .text.HAL_TIMEx_ConfigBreakDeadTime
                0x0000000008001610       0x48 build/stm32f1xx_hal_tim_ex.o
                0x0000000008001610                HAL_TIMEx_ConfigBreakDeadTime
 .text.HAL_NVIC_SetPriorityGrouping
                0x0000000008001658       0x24 build/stm32f1xx_hal_cortex.o
                0x0000000008001658                HAL_NVIC_SetPriorityGrouping
 .text.HAL_NVIC_SetPriority
                0x000000000800167c       0x68 build/stm32f1xx_hal_cortex.o
                0x000000000800167c                HAL_NVIC_SetPriority
 .text.HAL_NVIC_EnableIRQ
                0x00000000080016e4       0x18 build/stm32f1xx_hal_cortex.o
                0x00000000080016e4                HAL_NVIC_EnableIRQ
 .text.HAL_NVIC_DisableIRQ
                0x00000000080016fc       0x18 build/stm32f1xx_hal_cortex.o
                0x00000000080016fc                HAL_NVIC_DisableIRQ
 .text.HAL_SYSTICK_Config
                0x0000000008001714       0x2c build/stm32f1xx_hal_cortex.o
                0x0000000008001714                HAL_SYSTICK_Config
 .text.HAL_SYSTICK_CLKSourceConfig
                0x0000000008001740       0x20 build/stm32f1xx_hal_cortex.o
                0x0000000008001740                HAL_SYSTICK_CLKSourceConfig
 .text.HAL_SYSTICK_Callback
                0x0000000008001760        0x2 build/stm32f1xx_hal_cortex.o
                0x0000000008001760                HAL_SYSTICK_Callback
 .text.HAL_SYSTICK_IRQHandler
                0x0000000008001762        0x8 build/stm32f1xx_hal_cortex.o
                0x0000000008001762                HAL_SYSTICK_IRQHandler
 *fill*         0x000000000800176a        0x2 
 .text.HAL_GPIO_Init
                0x000000000800176c      0x1f0 build/stm32f1xx_hal_gpio.o
                0x000000000800176c                HAL_GPIO_Init
 .text.HAL_GPIO_ReadPin
                0x000000000800195c        0xe build/stm32f1xx_hal_gpio.o
                0x000000000800195c                HAL_GPIO_ReadPin
 .text.HAL_GPIO_WritePin
                0x000000000800196a        0xc build/stm32f1xx_hal_gpio.o
                0x000000000800196a                HAL_GPIO_WritePin
 *fill*         0x0000000008001976        0x2 
 .text.SystemInit
                0x0000000008001978       0x4c build/system_stm32f1xx.o
                0x0000000008001978                SystemInit
 .text.TIM_OC1_SetConfig
                0x00000000080019c4       0x68 build/stm32f1xx_hal_tim.o
 .text.TIM_OC3_SetConfig
                0x0000000008001a2c       0x70 build/stm32f1xx_hal_tim.o
 .text.TIM_OC4_SetConfig
                0x0000000008001a9c       0x50 build/stm32f1xx_hal_tim.o
 .text.HAL_TIM_Base_MspInit
                0x0000000008001aec        0x2 build/stm32f1xx_hal_tim.o
                0x0000000008001aec                HAL_TIM_Base_MspInit
 .text.HAL_TIM_Base_Start
                0x0000000008001aee       0x1a build/stm32f1xx_hal_tim.o
                0x0000000008001aee                HAL_TIM_Base_Start
 .text.HAL_TIM_Base_Stop
                0x0000000008001b08       0x2e build/stm32f1xx_hal_tim.o
                0x0000000008001b08                HAL_TIM_Base_Stop
 .text.HAL_TIM_PWM_MspInit
                0x0000000008001b36        0x2 build/stm32f1xx_hal_tim.o
                0x0000000008001b36                HAL_TIM_PWM_MspInit
 .text.TIM_Base_SetConfig
                0x0000000008001b38       0x90 build/stm32f1xx_hal_tim.o
                0x0000000008001b38                TIM_Base_SetConfig
 .text.HAL_TIM_Base_Init
                0x0000000008001bc8       0x32 build/stm32f1xx_hal_tim.o
                0x0000000008001bc8                HAL_TIM_Base_Init
 .text.HAL_TIM_PWM_Init
                0x0000000008001bfa       0x32 build/stm32f1xx_hal_tim.o
                0x0000000008001bfa                HAL_TIM_PWM_Init
 .text.TIM_OC2_SetConfig
                0x0000000008001c2c       0x70 build/stm32f1xx_hal_tim.o
                0x0000000008001c2c                TIM_OC2_SetConfig
 .text.HAL_TIM_PWM_ConfigChannel
                0x0000000008001c9c       0xdc build/stm32f1xx_hal_tim.o
                0x0000000008001c9c                HAL_TIM_PWM_ConfigChannel
 .text.TIM_CCxChannelCmd
                0x0000000008001d78       0x1c build/stm32f1xx_hal_tim.o
                0x0000000008001d78                TIM_CCxChannelCmd
 .text.HAL_TIM_PWM_Start
                0x0000000008001d94       0x38 build/stm32f1xx_hal_tim.o
                0x0000000008001d94                HAL_TIM_PWM_Start
 .text.HAL_TIM_PWM_Start_IT
                0x0000000008001dcc       0x7c build/stm32f1xx_hal_tim.o
                0x0000000008001dcc                HAL_TIM_PWM_Start_IT
 .text.NMI_Handler
                0x0000000008001e48        0x8 build/stm32f1xx_it.o
                0x0000000008001e48                NMI_Handler
 .text.HardFault_Handler
                0x0000000008001e50        0xc build/stm32f1xx_it.o
                0x0000000008001e50                HardFault_Handler
 .text.MemManage_Handler
                0x0000000008001e5c        0xc build/stm32f1xx_it.o
                0x0000000008001e5c                MemManage_Handler
 .text.BusFault_Handler
                0x0000000008001e68        0xc build/stm32f1xx_it.o
                0x0000000008001e68                BusFault_Handler
 .text.UsageFault_Handler
                0x0000000008001e74        0xc build/stm32f1xx_it.o
                0x0000000008001e74                UsageFault_Handler
 .text.SVC_Handler
                0x0000000008001e80        0x8 build/stm32f1xx_it.o
                0x0000000008001e80                SVC_Handler
 .text.DebugMon_Handler
                0x0000000008001e88        0x2 build/stm32f1xx_it.o
                0x0000000008001e88                DebugMon_Handler
 .text.PendSV_Handler
                0x0000000008001e8a        0x8 build/stm32f1xx_it.o
                0x0000000008001e8a                PendSV_Handler
 .text.SysTick_Handler
                0x0000000008001e92        0xc build/stm32f1xx_it.o
                0x0000000008001e92                SysTick_Handler
 *fill*         0x0000000008001e9e        0x2 
 .text.I2C1_EV_IRQHandler
                0x0000000008001ea0       0x10 build/stm32f1xx_it.o
                0x0000000008001ea0                I2C1_EV_IRQHandler
 .text.I2C1_ER_IRQHandler
                0x0000000008001eb0       0x10 build/stm32f1xx_it.o
                0x0000000008001eb0                I2C1_ER_IRQHandler
 .text.DMA1_Channel4_IRQHandler
                0x0000000008001ec0       0x10 build/stm32f1xx_it.o
                0x0000000008001ec0                DMA1_Channel4_IRQHandler
 .text.DMA1_Channel5_IRQHandler
                0x0000000008001ed0       0x10 build/stm32f1xx_it.o
                0x0000000008001ed0                DMA1_Channel5_IRQHandler
 .text.DMA1_Channel6_IRQHandler
                0x0000000008001ee0       0x10 build/stm32f1xx_it.o
                0x0000000008001ee0                DMA1_Channel6_IRQHandler
 .text.DMA1_Channel7_IRQHandler
                0x0000000008001ef0       0x10 build/stm32f1xx_it.o
                0x0000000008001ef0                DMA1_Channel7_IRQHandler
 .text.I2C2_ER_IRQHandler
                0x0000000008001f00       0x10 build/stm32f1xx_it.o
                0x0000000008001f00                I2C2_ER_IRQHandler
 .text.EXTI15_10_IRQHandler
                0x0000000008001f10       0x40 build/stm32f1xx_it.o
                0x0000000008001f10                EXTI15_10_IRQHandler
 .text.EXTI9_5_IRQHandler
                0x0000000008001f50       0x38 build/stm32f1xx_it.o
                0x0000000008001f50                EXTI9_5_IRQHandler
 .text.TIM1_CC_IRQHandler
                0x0000000008001f88       0x34 build/stm32f1xx_it.o
                0x0000000008001f88                TIM1_CC_IRQHandler
 .text.TIM8_CC_IRQHandler
                0x0000000008001fbc       0x34 build/stm32f1xx_it.o
                0x0000000008001fbc                TIM8_CC_IRQHandler
 .text.DMA1_Channel1_IRQHandler
                0x0000000008001ff0       0x10 build/stm32f1xx_it.o
                0x0000000008001ff0                DMA1_Channel1_IRQHandler
 .text.DMA2_Channel4_5_IRQHandler
                0x0000000008002000       0x10 build/stm32f1xx_it.o
                0x0000000008002000                DMA2_Channel4_5_IRQHandler
 .text.TIM3_IRQHandler
                0x0000000008002010       0x10 build/stm32f1xx_it.o
                0x0000000008002010                TIM3_IRQHandler
 .text.HAL_RCC_OscConfig
                0x0000000008002020      0x5e4 build/stm32f1xx_hal_rcc.o
                0x0000000008002020                HAL_RCC_OscConfig
 .text.HAL_RCC_GetSysClockFreq
                0x0000000008002604       0x8c build/stm32f1xx_hal_rcc.o
                0x0000000008002604                HAL_RCC_GetSysClockFreq
 .text.HAL_RCC_ClockConfig
                0x0000000008002690      0x1d4 build/stm32f1xx_hal_rcc.o
                0x0000000008002690                HAL_RCC_ClockConfig
 .text.HAL_RCC_GetHCLKFreq
                0x0000000008002864        0xc build/stm32f1xx_hal_rcc.o
                0x0000000008002864                HAL_RCC_GetHCLKFreq
 .text.HAL_RCC_GetPCLK1Freq
                0x0000000008002870       0x2c build/stm32f1xx_hal_rcc.o
                0x0000000008002870                HAL_RCC_GetPCLK1Freq
 .text.HAL_RCC_GetPCLK2Freq
                0x000000000800289c       0x2c build/stm32f1xx_hal_rcc.o
                0x000000000800289c                HAL_RCC_GetPCLK2Freq
 .text.DMA_SetConfig
                0x00000000080028c8       0x22 build/stm32f1xx_hal_dma.o
 .text.HAL_DMA_Init
                0x00000000080028ea       0x52 build/stm32f1xx_hal_dma.o
                0x00000000080028ea                HAL_DMA_Init
 .text.HAL_DMA_Start_IT
                0x000000000800293c       0x58 build/stm32f1xx_hal_dma.o
                0x000000000800293c                HAL_DMA_Start_IT
 .text.HAL_DMA_IRQHandler
                0x0000000008002994      0x7fc build/stm32f1xx_hal_dma.o
                0x0000000008002994                HAL_DMA_IRQHandler
 .text.UART_SetConfig
                0x0000000008003190      0x1ac build/stm32f1xx_hal_uart.o
 .text.HAL_UART_Init
                0x000000000800333c       0x5a build/stm32f1xx_hal_uart.o
                0x000000000800333c                HAL_UART_Init
 *fill*         0x0000000008003396        0x2 
 .text.HAL_UART_Transmit_DMA
                0x0000000008003398       0xa0 build/stm32f1xx_hal_uart.o
                0x0000000008003398                HAL_UART_Transmit_DMA
 .text.HAL_UART_Receive_DMA
                0x0000000008003438       0x98 build/stm32f1xx_hal_uart.o
                0x0000000008003438                HAL_UART_Receive_DMA
 .text.UART_DMATransmitCplt
                0x00000000080034d0       0x3c build/stm32f1xx_hal_uart.o
 .text.HAL_UART_TxHalfCpltCallback
                0x000000000800350c        0x2 build/stm32f1xx_hal_uart.o
                0x000000000800350c                HAL_UART_TxHalfCpltCallback
 .text.UART_DMATxHalfCplt
                0x000000000800350e        0xa build/stm32f1xx_hal_uart.o
 .text.UART_DMAReceiveCplt
                0x0000000008003518       0x3c build/stm32f1xx_hal_uart.o
 .text.HAL_UART_RxHalfCpltCallback
                0x0000000008003554        0x2 build/stm32f1xx_hal_uart.o
                0x0000000008003554                HAL_UART_RxHalfCpltCallback
 .text.UART_DMARxHalfCplt
                0x0000000008003556        0xa build/stm32f1xx_hal_uart.o
 .text.HAL_UART_ErrorCallback
                0x0000000008003560        0x2 build/stm32f1xx_hal_uart.o
                0x0000000008003560                HAL_UART_ErrorCallback
 .text.UART_DMAError
                0x0000000008003562       0x1e build/stm32f1xx_hal_uart.o
 .text.HAL_InitTick
                0x0000000008003580       0x28 build/stm32f1xx_hal.o
                0x0000000008003580                HAL_InitTick
 .text.HAL_Init
                0x00000000080035a8       0x24 build/stm32f1xx_hal.o
                0x00000000080035a8                HAL_Init
 .text.HAL_IncTick
                0x00000000080035cc       0x10 build/stm32f1xx_hal.o
                0x00000000080035cc                HAL_IncTick
 .text.HAL_GetTick
                0x00000000080035dc        0xc build/stm32f1xx_hal.o
                0x00000000080035dc                HAL_GetTick
 .text.HAL_Delay
                0x00000000080035e8       0x1c build/stm32f1xx_hal.o
                0x00000000080035e8                HAL_Delay
 .text.I2C_MasterTransmit_TXE
                0x0000000008003604       0x2a build/stm32f1xx_hal_i2c.o
 .text.I2C_SlaveTransmit_TXE
                0x000000000800362e       0x1e build/stm32f1xx_hal_i2c.o
 .text.I2C_SlaveTransmit_BTF
                0x000000000800364c       0x1e build/stm32f1xx_hal_i2c.o
 .text.I2C_SlaveReceive_RXNE
                0x000000000800366a       0x1e build/stm32f1xx_hal_i2c.o
 .text.I2C_SlaveReceive_BTF
                0x0000000008003688       0x1e build/stm32f1xx_hal_i2c.o
 .text.I2C_Slave_ADDR
                0x00000000080036a6       0x14 build/stm32f1xx_hal_i2c.o
 .text.HAL_I2C_SlaveTxCpltCallback
                0x00000000080036ba        0x2 build/stm32f1xx_hal_i2c.o
                0x00000000080036ba                HAL_I2C_SlaveTxCpltCallback
 .text.I2C_Slave_AF
                0x00000000080036bc       0x2e build/stm32f1xx_hal_i2c.o
 .text.HAL_I2C_SlaveRxCpltCallback
                0x00000000080036ea        0x2 build/stm32f1xx_hal_i2c.o
                0x00000000080036ea                HAL_I2C_SlaveRxCpltCallback
 .text.I2C_Slave_STOPF
                0x00000000080036ec       0x3c build/stm32f1xx_hal_i2c.o
 .text.HAL_I2C_MemTxCpltCallback
                0x0000000008003728        0x2 build/stm32f1xx_hal_i2c.o
                0x0000000008003728                HAL_I2C_MemTxCpltCallback
 .text.I2C_MasterTransmit_BTF
                0x000000000800372a       0x56 build/stm32f1xx_hal_i2c.o
 .text.HAL_I2C_MemRxCpltCallback
                0x0000000008003780        0x2 build/stm32f1xx_hal_i2c.o
                0x0000000008003780                HAL_I2C_MemRxCpltCallback
 .text.I2C_MasterReceive_RXNE
                0x0000000008003782       0x74 build/stm32f1xx_hal_i2c.o
 .text.I2C_MasterReceive_BTF
                0x00000000080037f6       0xa8 build/stm32f1xx_hal_i2c.o
 .text.HAL_I2C_EV_IRQHandler
                0x000000000800389e      0x11a build/stm32f1xx_hal_i2c.o
                0x000000000800389e                HAL_I2C_EV_IRQHandler
 .text.HAL_I2C_ER_IRQHandler
                0x00000000080039b8       0xe2 build/stm32f1xx_hal_i2c.o
                0x00000000080039b8                HAL_I2C_ER_IRQHandler
 *fill*         0x0000000008003a9a        0x2 
 .text.HAL_RCCEx_PeriphCLKConfig
                0x0000000008003a9c      0x138 build/stm32f1xx_hal_rcc_ex.o
                0x0000000008003a9c                HAL_RCCEx_PeriphCLKConfig
 .text.HAL_IWDG_MspInit
                0x0000000008003bd4        0x2 build/stm32f1xx_hal_iwdg.o
                0x0000000008003bd4                HAL_IWDG_MspInit
 .text.HAL_IWDG_Init
                0x0000000008003bd6       0x62 build/stm32f1xx_hal_iwdg.o
                0x0000000008003bd6                HAL_IWDG_Init
 .text.HAL_IWDG_Start
                0x0000000008003c38       0x2a build/stm32f1xx_hal_iwdg.o
                0x0000000008003c38                HAL_IWDG_Start
 .text.HAL_IWDG_Refresh
                0x0000000008003c62       0x4c build/stm32f1xx_hal_iwdg.o
                0x0000000008003c62                HAL_IWDG_Refresh
 *fill*         0x0000000008003cae        0x2 
 .text.ADC_L_init
                0x0000000008003cb0       0x90 build/ADC_L.o
                0x0000000008003cb0                ADC_L_init
 .text.ADC_MOTOR_LEFT
                0x0000000008003d40       0x1c build/ADC_L.o
                0x0000000008003d40                ADC_MOTOR_LEFT
 .text.ADC_L_callback
                0x0000000008003d5c        0xc build/ADC_L.o
                0x0000000008003d5c                ADC_L_callback
 .text.ADC_R_init
                0x0000000008003d68       0xa8 build/ADC_R.o
                0x0000000008003d68                ADC_R_init
 .text.ADC_MOTOR_RIGHT
                0x0000000008003e10       0x1c build/ADC_R.o
                0x0000000008003e10                ADC_MOTOR_RIGHT
 .text.ADC_BATTERY
                0x0000000008003e2c       0x1c build/ADC_R.o
                0x0000000008003e2c                ADC_BATTERY
 .text.ADC_R_callback
                0x0000000008003e48        0xc build/ADC_R.o
                0x0000000008003e48                ADC_R_callback
 .text.mL_HallSensor_init
                0x0000000008003e54       0x50 build/motor_L.o
                0x0000000008003e54                mL_HallSensor_init
 .text.mL_Low_CH1_ON
                0x0000000008003ea4       0x10 build/motor_L.o
                0x0000000008003ea4                mL_Low_CH1_ON
 .text.mL_Low_CH1_OFF
                0x0000000008003eb4        0xc build/motor_L.o
                0x0000000008003eb4                mL_Low_CH1_OFF
 .text.mL_Low_CH2_ON
                0x0000000008003ec0       0x10 build/motor_L.o
                0x0000000008003ec0                mL_Low_CH2_ON
 .text.mL_Low_CH2_OFF
                0x0000000008003ed0        0xc build/motor_L.o
                0x0000000008003ed0                mL_Low_CH2_OFF
 .text.mL_Low_CH3_ON
                0x0000000008003edc       0x10 build/motor_L.o
                0x0000000008003edc                mL_Low_CH3_ON
 .text.mL_Low_CH3_OFF
                0x0000000008003eec        0xc build/motor_L.o
                0x0000000008003eec                mL_Low_CH3_OFF
 .text.mL_AHigh__ON
                0x0000000008003ef8       0x14 build/motor_L.o
                0x0000000008003ef8                mL_AHigh__ON
 .text.mL_AHigh__OFF
                0x0000000008003f0c       0x18 build/motor_L.o
                0x0000000008003f0c                mL_AHigh( (&&)( (void)))
 .text.mL_BHigh__ON
                0x0000000008003f24       0x14 build/motor_L.o
                0x0000000008003f24                mL_BHigh__ON
 .text.mL_BHigh__OFF
                0x0000000008003f38       0x18 build/motor_L.o
                0x0000000008003f38                mL_BHigh( (&&)( (void)))
 .text.mL_CHigh__ON
                0x0000000008003f50       0x14 build/motor_L.o
                0x0000000008003f50                mL_CHigh__ON
 .text.mL_CHigh__OFF
                0x0000000008003f64       0x18 build/motor_L.o
                0x0000000008003f64                mL_CHigh( (&&)( (void)))
 .text.mL_PWM_Set_ChALL
                0x0000000008003f7c       0x28 build/motor_L.o
                0x0000000008003f7c                mL_PWM_Set_ChALL
 .text.MotorL_stop
                0x0000000008003fa4       0x54 build/motor_L.o
                0x0000000008003fa4                MotorL_stop
 .text.MX_TIM8_Init
                0x0000000008003ff8      0x1bc build/motor_L.o
                0x0000000008003ff8                MX_TIM8_Init
 .text.MotorL_init
                0x00000000080041b4       0x20 build/motor_L.o
                0x00000000080041b4                MotorL_init
 .text.mL_BLDCMotor
                0x00000000080041d4       0xf4 build/motor_L.o
                0x00000000080041d4                mL_BLDCMotor
 .text.MotorL_start
                0x00000000080042c8       0x34 build/motor_L.o
                0x00000000080042c8                MotorL_start
 .text.MotorL_pwm
                0x00000000080042fc       0x98 build/motor_L.o
                0x00000000080042fc                MotorL_pwm
 .text.HALL_L_ISR_Callback
                0x0000000008004394       0x10 build/motor_L.o
                0x0000000008004394                HALL_L_ISR_Callback
 .text.PWM_L_ISR_Callback
                0x00000000080043a4       0x60 build/motor_L.o
                0x00000000080043a4                PWM_L_ISR_Callback
 .text.mR_Low_CH1_ON
                0x0000000008004404       0x10 build/motor_R.o
                0x0000000008004404                mR_Low_CH1_ON
 .text.mR_Low_CH1_OFF
                0x0000000008004414       0x10 build/motor_R.o
                0x0000000008004414                mR_Low_CH1_OFF
 .text.mR_Low_CH2_ON
                0x0000000008004424       0x10 build/motor_R.o
                0x0000000008004424                mR_Low_CH2_ON
 .text.mR_Low_CH2_OFF
                0x0000000008004434       0x10 build/motor_R.o
                0x0000000008004434                mR_Low_CH2_OFF
 .text.mR_Low_CH3_ON
                0x0000000008004444       0x10 build/motor_R.o
                0x0000000008004444                mR_Low_CH3_ON
 .text.mR_Low_CH3_OFF
                0x0000000008004454       0x10 build/motor_R.o
                0x0000000008004454                mR_Low_CH3_OFF
 .text.mR_HallSensor_init
                0x0000000008004464       0x54 build/motor_R.o
                0x0000000008004464                mR_HallSensor_init
 .text.mR_AHigh__ON
                0x00000000080044b8       0x14 build/motor_R.o
                0x00000000080044b8                mR_AHigh__ON
 .text.mR_AHigh__OFF
                0x00000000080044cc       0x18 build/motor_R.o
                0x00000000080044cc                mR_AHigh( (&&)( (void)))
 .text.mR_BHigh__ON
                0x00000000080044e4       0x14 build/motor_R.o
                0x00000000080044e4                mR_BHigh__ON
 .text.mR_BHigh__OFF
                0x00000000080044f8       0x18 build/motor_R.o
                0x00000000080044f8                mR_BHigh( (&&)( (void)))
 .text.mR_CHigh__ON
                0x0000000008004510       0x14 build/motor_R.o
                0x0000000008004510                mR_CHigh__ON
 .text.mR_CHigh__OFF
                0x0000000008004524       0x18 build/motor_R.o
                0x0000000008004524                mR_CHigh( (&&)( (void)))
 .text.mR_PWM_Set_ChALL
                0x000000000800453c       0x28 build/motor_R.o
                0x000000000800453c                mR_PWM_Set_ChALL
 .text.MotorR_stop
                0x0000000008004564       0x5c build/motor_R.o
                0x0000000008004564                MotorR_stop
 .text.MX_TIM1_Init
                0x00000000080045c0      0x1cc build/motor_R.o
                0x00000000080045c0                MX_TIM1_Init
 .text.MotorR_init
                0x000000000800478c       0x20 build/motor_R.o
                0x000000000800478c                MotorR_init
 .text.mR_BLDCMotor
                0x00000000080047ac      0x10c build/motor_R.o
                0x00000000080047ac                mR_BLDCMotor
 .text.MotorR_start
                0x00000000080048b8       0x34 build/motor_R.o
                0x00000000080048b8                MotorR_start
 .text.MotorR_pwm
                0x00000000080048ec       0x98 build/motor_R.o
                0x00000000080048ec                MotorR_pwm
 .text.HALL_R_ISR_Callback
                0x0000000008004984       0x10 build/motor_R.o
                0x0000000008004984                HALL_R_ISR_Callback
 .text.PWM_R_ISR_Callback
                0x0000000008004994       0x60 build/motor_R.o
                0x0000000008004994                PWM_R_ISR_Callback
 .text.MX_USART2_UART_Init
                0x00000000080049f4       0x84 build/uart.o
                0x00000000080049f4                MX_USART2_UART_Init
 .text.Console_Log
                0x0000000008004a78       0x18 build/uart.o
                0x0000000008004a78                Console_Log
 .text.HAL_UART_RxCpltCallback
                0x0000000008004a90       0x1c build/uart.o
                0x0000000008004a90                HAL_UART_RxCpltCallback
 .text.HAL_UART_TxCpltCallback
                0x0000000008004aac       0x1c build/uart.o
                0x0000000008004aac                HAL_UART_TxCpltCallback
 .text.Led_init
                0x0000000008004ac8       0x44 build/varie.o
                0x0000000008004ac8                Led_init
 .text.IS_Charge_init
                0x0000000008004b0c       0x3c build/varie.o
                0x0000000008004b0c                IS_Charge_init
 .text.Led_Set  0x0000000008004b48       0x14 build/varie.o
                0x0000000008004b48                Led_Set
 .text.Power_Set
                0x0000000008004b5c       0x14 build/varie.o
                0x0000000008004b5c                Power_Set
 .text.Buzzer_Set
                0x0000000008004b70       0x14 build/varie.o
                0x0000000008004b70                Buzzer_Set
 .text.Buzzer_init
                0x0000000008004b84       0x58 build/varie.o
                0x0000000008004b84                Buzzer_init
 .text.Buzzer_TwoBeep
                0x0000000008004bdc       0x4c build/varie.o
                0x0000000008004bdc                Buzzer_TwoBeep
 .text.Buzzer_OneLongBeep
                0x0000000008004c28       0x38 build/varie.o
                0x0000000008004c28                Buzzer_OneLongBeep
 .text.IS_Button
                0x0000000008004c60       0x10 build/varie.o
                0x0000000008004c60                IS_Button
 .text.Button_init
                0x0000000008004c70       0x4c build/varie.o
                0x0000000008004c70                Button_init
 .text.Telemetry_init
                0x0000000008004cbc       0x1c build/telemetry.o
                0x0000000008004cbc                Telemetry_init
 .text.getMotorL
                0x0000000008004cd8       0x1c build/telemetry.o
                0x0000000008004cd8                getMotorL
 .text.getMotorR
                0x0000000008004cf4       0x1c build/telemetry.o
                0x0000000008004cf4                getMotorR
 .text.HAL_I2C_MasterTxCpltCallback
                0x0000000008004d10       0x1c build/i2c.o
                0x0000000008004d10                HAL_I2C_MasterTxCpltCallback
 .text.HAL_I2C_MasterRxCpltCallback
                0x0000000008004d2c       0x1c build/i2c.o
                0x0000000008004d2c                HAL_I2C_MasterRxCpltCallback
 .text.HAL_I2C_ErrorCallback
                0x0000000008004d48       0x1c build/i2c.o
                0x0000000008004d48                HAL_I2C_ErrorCallback
 .text._init_us
                0x0000000008004d64       0x5c build/delay.o
                0x0000000008004d64                _init_us
 .text._stop_timer
                0x0000000008004dc0       0x1c build/delay.o
                0x0000000008004dc0                _stop_timer
 .text.Delay_us
                0x0000000008004ddc       0x20 build/delay.o
                0x0000000008004ddc                Delay_us
 .text.GET_BatteryAverage
                0x0000000008004dfc        0xc build/application.o
                0x0000000008004dfc                GET_BatteryAverage
 .text.applcation_init
                0x0000000008004e08       0x38 build/application.o
                0x0000000008004e08                applcation_init
 .text.Battery_TASK
                0x0000000008004e40       0x98 build/application.o
                0x0000000008004e40                Battery_TASK
 .text.getMotorCurrentR
                0x0000000008004ed8        0xe build/application.o
                0x0000000008004ed8                getMotorCurrentR
 .text.getMotorCurrentL
                0x0000000008004ee6        0xe build/application.o
                0x0000000008004ee6                getMotorCurrentL
 .text.HAL_ADC_ConvCpltCallback
                0x0000000008004ef4       0x2c build/main.o
                0x0000000008004ef4                HAL_ADC_ConvCpltCallback
 .text.Error_Handler
                0x0000000008004f20        0xc build/main.o
                0x0000000008004f20                Error_Handler
 .text.MX_IWDG_Init
                0x0000000008004f2c       0x4c build/main.o
 .text.SystemClock_Config
                0x0000000008004f78       0x8c build/main.o
                0x0000000008004f78                SystemClock_Config
 *fill*         0x0000000008005004        0x4 
 .text.main     0x0000000008005008      0x274 build/main.o
                0x0000000008005008                main
 .text.HAL_MspInit
                0x000000000800527c       0x7c build/stm32f1xx_hal_msp.o
                0x000000000800527c                HAL_MspInit
 .text.HAL_ADC_MspInit
                0x00000000080052f8       0xec build/stm32f1xx_hal_msp.o
                0x00000000080052f8                HAL_ADC_MspInit
 .text.HAL_UART_MspInit
                0x00000000080053e4       0xe8 build/stm32f1xx_hal_msp.o
                0x00000000080053e4                HAL_UART_MspInit
 .text.Reset_Handler
                0x00000000080054cc       0x48 build/startup_stm32f103xe.o
                0x00000000080054cc                Reset_Handler
 .text.Default_Handler
                0x0000000008005514        0x2 build/startup_stm32f103xe.o
                0x0000000008005514                RTC_Alarm_IRQHandler
                0x0000000008005514                EXTI2_IRQHandler
                0x0000000008005514                TIM8_TRG_COM_IRQHandler
                0x0000000008005514                TIM6_IRQHandler
                0x0000000008005514                PVD_IRQHandler
                0x0000000008005514                SDIO_IRQHandler
                0x0000000008005514                EXTI3_IRQHandler
                0x0000000008005514                EXTI0_IRQHandler
                0x0000000008005514                I2C2_EV_IRQHandler
                0x0000000008005514                ADC1_2_IRQHandler
                0x0000000008005514                SPI1_IRQHandler
                0x0000000008005514                TAMPER_IRQHandler
                0x0000000008005514                TIM8_UP_IRQHandler
                0x0000000008005514                DMA2_Channel2_IRQHandler
                0x0000000008005514                USART3_IRQHandler
                0x0000000008005514                RTC_IRQHandler
                0x0000000008005514                CAN1_RX1_IRQHandler
                0x0000000008005514                UART5_IRQHandler
                0x0000000008005514                ADC3_IRQHandler
                0x0000000008005514                TIM4_IRQHandler
                0x0000000008005514                DMA2_Channel1_IRQHandler
                0x0000000008005514                UART4_IRQHandler
                0x0000000008005514                RCC_IRQHandler
                0x0000000008005514                TIM1_TRG_COM_IRQHandler
                0x0000000008005514                Default_Handler
                0x0000000008005514                TIM7_IRQHandler
                0x0000000008005514                TIM5_IRQHandler
                0x0000000008005514                SPI2_IRQHandler
                0x0000000008005514                EXTI4_IRQHandler
                0x0000000008005514                USB_LP_CAN1_RX0_IRQHandler
                0x0000000008005514                USB_HP_CAN1_TX_IRQHandler
                0x0000000008005514                DMA1_Channel3_IRQHandler
                0x0000000008005514                FSMC_IRQHandler
                0x0000000008005514                TIM1_UP_IRQHandler
                0x0000000008005514                WWDG_IRQHandler
                0x0000000008005514                TIM2_IRQHandler
                0x0000000008005514                TIM1_BRK_IRQHandler
                0x0000000008005514                EXTI1_IRQHandler
                0x0000000008005514                USART2_IRQHandler
                0x0000000008005514                DMA1_Channel2_IRQHandler
                0x0000000008005514                TIM8_BRK_IRQHandler
                0x0000000008005514                CAN1_SCE_IRQHandler
                0x0000000008005514                FLASH_IRQHandler
                0x0000000008005514                USART1_IRQHandler
                0x0000000008005514                SPI3_IRQHandler
                0x0000000008005514                USBWakeUp_IRQHandler
                0x0000000008005514                DMA2_Channel3_IRQHandler
 *fill*         0x0000000008005516        0x2 
 .text.__libc_init_array
                0x0000000008005518       0x48 /usr/lib/gcc/arm-none-eabi/7.2.0/../../../../arm-none-eabi/lib/armv7-m/libc_nano.a(lib_a-init.o)
                0x0000000008005518                __libc_init_array
 .text.memset   0x0000000008005560       0x10 /usr/lib/gcc/arm-none-eabi/7.2.0/../../../../arm-none-eabi/lib/armv7-m/libc_nano.a(lib_a-memset.o)
                0x0000000008005560                memset
 .text.snprintf
                0x0000000008005570       0x68 /usr/lib/gcc/arm-none-eabi/7.2.0/../../../../arm-none-eabi/lib/armv7-m/libc_nano.a(lib_a-snprintf.o)
                0x0000000008005570                snprintf
                0x0000000008005570                sniprintf
 .text.__ssputs_r
                0x00000000080055d8       0xb4 /usr/lib/gcc/arm-none-eabi/7.2.0/../../../../arm-none-eabi/lib/armv7-m/libc_nano.a(lib_a-nano-svfprintf.o)
                0x00000000080055d8                __ssputs_r
 .text._svfprintf_r
                0x000000000800568c      0x1ec /usr/lib/gcc/arm-none-eabi/7.2.0/../../../../arm-none-eabi/lib/armv7-m/libc_nano.a(lib_a-nano-svfprintf.o)
                0x000000000800568c                _svfprintf_r
                0x000000000800568c                _svfiprintf_r
 .text._printf_common
                0x0000000008005878       0xec /usr/lib/gcc/arm-none-eabi/7.2.0/../../../../arm-none-eabi/lib/armv7-m/libc_nano.a(lib_a-nano-vfprintf_i.o)
                0x0000000008005878                _printf_common
 .text._printf_i
                0x0000000008005964      0x224 /usr/lib/gcc/arm-none-eabi/7.2.0/../../../../arm-none-eabi/lib/armv7-m/libc_nano.a(lib_a-nano-vfprintf_i.o)
                0x0000000008005964                _printf_i
 .text.memchr   0x0000000008005b88       0x1c /usr/lib/gcc/arm-none-eabi/7.2.0/../../../../arm-none-eabi/lib/armv7-m/libc_nano.a(lib_a-memchr-stub.o)
                0x0000000008005b88                memchr
 .text.memcpy   0x0000000008005ba4       0x16 /usr/lib/gcc/arm-none-eabi/7.2.0/../../../../arm-none-eabi/lib/armv7-m/libc_nano.a(lib_a-memcpy-stub.o)
                0x0000000008005ba4                memcpy
 .text.memmove  0x0000000008005bba       0x32 /usr/lib/gcc/arm-none-eabi/7.2.0/../../../../arm-none-eabi/lib/armv7-m/libc_nano.a(lib_a-memmove.o)
                0x0000000008005bba                memmove
 .text._free_r  0x0000000008005bec       0x98 /usr/lib/gcc/arm-none-eabi/7.2.0/../../../../arm-none-eabi/lib/armv7-m/libc_nano.a(lib_a-nano-freer.o)
                0x0000000008005bec                _free_r
 .text._malloc_r
                0x0000000008005c84       0xb4 /usr/lib/gcc/arm-none-eabi/7.2.0/../../../../arm-none-eabi/lib/armv7-m/libc_nano.a(lib_a-nano-mallocr.o)
                0x0000000008005c84                _malloc_r
 .text._realloc_r
                0x0000000008005d38       0x4c /usr/lib/gcc/arm-none-eabi/7.2.0/../../../../arm-none-eabi/lib/armv7-m/libc_nano.a(lib_a-nano-reallocr.o)
                0x0000000008005d38                _realloc_r
 .text._sbrk_r  0x0000000008005d84       0x20 /usr/lib/gcc/arm-none-eabi/7.2.0/../../../../arm-none-eabi/lib/armv7-m/libc_nano.a(lib_a-sbrkr.o)
                0x0000000008005d84                _sbrk_r
 .text.__malloc_lock
                0x0000000008005da4        0x2 /usr/lib/gcc/arm-none-eabi/7.2.0/../../../../arm-none-eabi/lib/armv7-m/libc_nano.a(lib_a-mlock.o)
                0x0000000008005da4                __malloc_lock
 .text.__malloc_unlock
                0x0000000008005da6        0x2 /usr/lib/gcc/arm-none-eabi/7.2.0/../../../../arm-none-eabi/lib/armv7-m/libc_nano.a(lib_a-mlock.o)
                0x0000000008005da6                __malloc_unlock
 .text._malloc_usable_size_r
                0x0000000008005da8       0x10 /usr/lib/gcc/arm-none-eabi/7.2.0/../../../../arm-none-eabi/lib/armv7-m/libc_nano.a(lib_a-nano-msizer.o)
                0x0000000008005da8                _malloc_usable_size_r
 .text._sbrk    0x0000000008005db8       0x1c /usr/lib/gcc/arm-none-eabi/7.2.0/../../../../arm-none-eabi/lib/armv7-m/libnosys.a(sbrk.o)
                0x0000000008005db8                _sbrk
 *(.glue_7)
 .glue_7        0x0000000008005dd4        0x0 linker stubs
 *(.glue_7t)
 .glue_7t       0x0000000008005dd4        0x0 linker stubs
 *(.eh_frame)
 .eh_frame      0x0000000008005dd4        0x0 /usr/lib/gcc/arm-none-eabi/7.2.0/armv7-m/crtbegin.o
 *(.init)
 .init          0x0000000008005dd4        0x4 /usr/lib/gcc/arm-none-eabi/7.2.0/armv7-m/crti.o
                0x0000000008005dd4                _init
 .init          0x0000000008005dd8        0x8 /usr/lib/gcc/arm-none-eabi/7.2.0/armv7-m/crtn.o
 *(.fini)
 .fini          0x0000000008005de0        0x4 /usr/lib/gcc/arm-none-eabi/7.2.0/armv7-m/crti.o
                0x0000000008005de0                _fini
 .fini          0x0000000008005de4        0x8 /usr/lib/gcc/arm-none-eabi/7.2.0/armv7-m/crtn.o
                0x0000000008005dec                . = ALIGN (0x4)
                0x0000000008005dec                _etext = .

.vfp11_veneer   0x0000000008005dec        0x0
 .vfp11_veneer  0x0000000008005dec        0x0 linker stubs

.v4_bx          0x0000000008005dec        0x0
 .v4_bx         0x0000000008005dec        0x0 linker stubs

.iplt           0x0000000008005dec        0x0
 .iplt          0x0000000008005dec        0x0 /usr/lib/gcc/arm-none-eabi/7.2.0/armv7-m/crtbegin.o

.rodata         0x0000000008005dec       0x68
                0x0000000008005dec                . = ALIGN (0x4)
 *(.rodata)
 .rodata        0x0000000008005dec       0x12 build/stm32f1xx_hal_rcc.o
 *(.rodata*)
 *fill*         0x0000000008005dfe        0x2 
 .rodata.AHBPrescTable
                0x0000000008005e00       0x10 build/system_stm32f1xx.o
                0x0000000008005e00                AHBPrescTable
 .rodata.APBPrescTable
                0x0000000008005e10        0x8 build/system_stm32f1xx.o
                0x0000000008005e10                APBPrescTable
 .rodata.main.str1.4
                0x0000000008005e18        0x8 build/main.o
 .rodata._svfprintf_r.str1.1
                0x0000000008005e20       0x11 /usr/lib/gcc/arm-none-eabi/7.2.0/../../../../arm-none-eabi/lib/armv7-m/libc_nano.a(lib_a-nano-svfprintf.o)
 .rodata._printf_i.str1.1
                0x0000000008005e31       0x22 /usr/lib/gcc/arm-none-eabi/7.2.0/../../../../arm-none-eabi/lib/armv7-m/libc_nano.a(lib_a-nano-vfprintf_i.o)
                0x0000000008005e54                . = ALIGN (0x4)
 *fill*         0x0000000008005e53        0x1 

.rel.dyn        0x0000000008005e54        0x0
 .rel.iplt      0x0000000008005e54        0x0 /usr/lib/gcc/arm-none-eabi/7.2.0/armv7-m/crtbegin.o

.ARM.extab
 *(.ARM.extab* .gnu.linkonce.armextab.*)

.ARM            0x0000000008005e54        0x0
                0x0000000008005e54                __exidx_start = .
 *(.ARM.exidx*)
                0x0000000008005e54                __exidx_end = .

.preinit_array  0x0000000008005e54        0x0
                0x0000000008005e54                PROVIDE (__preinit_array_start, .)
 *(.preinit_array*)
                0x0000000008005e54                PROVIDE (__preinit_array_end, .)

.init_array     0x0000000008005e54        0x4
                0x0000000008005e54                PROVIDE (__init_array_start, .)
 *(SORT(.init_array.*))
 *(.init_array*)
 .init_array    0x0000000008005e54        0x4 /usr/lib/gcc/arm-none-eabi/7.2.0/armv7-m/crtbegin.o
                0x0000000008005e58                PROVIDE (__init_array_end, .)

.fini_array     0x0000000008005e58        0x4
                0x0000000008005e58                PROVIDE (__fini_array_start, .)
 *(SORT(.fini_array.*))
 *(.fini_array*)
 .fini_array    0x0000000008005e58        0x4 /usr/lib/gcc/arm-none-eabi/7.2.0/armv7-m/crtbegin.o
                0x0000000008005e5c                PROVIDE (__fini_array_end, .)
                0x0000000008005e5c                _sidata = LOADADDR (.data)

.data           0x0000000020000000       0x68 load address 0x0000000008005e5c
                0x0000000020000000                . = ALIGN (0x4)
                0x0000000020000000                _sdata = .
 *(.data)
 *(.data*)
 .data.SystemCoreClock
                0x0000000020000000        0x4 build/system_stm32f1xx.o
                0x0000000020000000                SystemCoreClock
 .data._impure_ptr
                0x0000000020000004        0x4 /usr/lib/gcc/arm-none-eabi/7.2.0/../../../../arm-none-eabi/lib/armv7-m/libc_nano.a(lib_a-impure.o)
                0x0000000020000004                _impure_ptr
 .data.impure_data
                0x0000000020000008       0x60 /usr/lib/gcc/arm-none-eabi/7.2.0/../../../../arm-none-eabi/lib/armv7-m/libc_nano.a(lib_a-impure.o)
                0x0000000020000068                . = ALIGN (0x4)
                0x0000000020000068                _edata = .

.igot.plt       0x0000000020000068        0x0 load address 0x0000000008005ec4
 .igot.plt      0x0000000020000068        0x0 /usr/lib/gcc/arm-none-eabi/7.2.0/armv7-m/crtbegin.o
                0x0000000020000068                . = ALIGN (0x4)

.bss            0x0000000020000068      0x4fc load address 0x0000000008005ec4
                0x0000000020000068                _sbss = .
                0x0000000020000068                __bss_start__ = _sbss
 *(.bss)
 *(.bss*)
 .bss.completed.8572
                0x0000000020000068        0x1 /usr/lib/gcc/arm-none-eabi/7.2.0/armv7-m/crtbegin.o
 *fill*         0x0000000020000069        0x3 
 .bss.object.8577
                0x000000002000006c       0x18 /usr/lib/gcc/arm-none-eabi/7.2.0/armv7-m/crtbegin.o
 .bss.uwTick    0x0000000020000084        0x4 build/stm32f1xx_hal.o
 .bss.last_motorL.7405
                0x0000000020000088        0x1 build/motor_L.o
 .bss.last_motorLStop.7406
                0x0000000020000089        0x1 build/motor_L.o
 .bss.last_motorR.7409
                0x000000002000008a        0x1 build/motor_R.o
 .bss.last_motorRStop.7410
                0x000000002000008b        0x1 build/motor_R.o
 .bss.__malloc_free_list
                0x000000002000008c        0x4 /usr/lib/gcc/arm-none-eabi/7.2.0/../../../../arm-none-eabi/lib/armv7-m/libc_nano.a(lib_a-nano-mallocr.o)
                0x000000002000008c                __malloc_free_list
 .bss.__malloc_sbrk_start
                0x0000000020000090        0x4 /usr/lib/gcc/arm-none-eabi/7.2.0/../../../../arm-none-eabi/lib/armv7-m/libc_nano.a(lib_a-nano-mallocr.o)
                0x0000000020000090                __malloc_sbrk_start
 .bss.heap_end.4102
                0x0000000020000094        0x4 /usr/lib/gcc/arm-none-eabi/7.2.0/../../../../arm-none-eabi/lib/armv7-m/libnosys.a(sbrk.o)
 *(COMMON)
 COMMON         0x0000000020000098       0x70 build/ADC_L.o
                0x0000000020000098                adc_Ldati
                0x00000000200000a0                hdma_adc3
                0x00000000200000d8                hadc3
 COMMON         0x0000000020000108       0x78 build/ADC_R.o
                0x0000000020000108                hadc1
                0x0000000020000138                buffer
                0x0000000020000140                adc_Rdati
                0x0000000020000148                hdma_adc1
 COMMON         0x0000000020000180       0x84 build/pid.o
                0x0000000020000180                pid_L_Dati
                0x000000002000019c                Tim3PID
                0x00000000200001d8                pid_R_
                0x00000000200001e0                pid_L_
                0x00000000200001e8                pid_R_Dati
 COMMON         0x0000000020000204       0x4c build/motor_L.o
                0x0000000020000204                htim8
                0x0000000020000240                motorL
 COMMON         0x0000000020000250       0x4c build/motor_R.o
                0x0000000020000250                motorR
                0x0000000020000260                htim1
 COMMON         0x000000002000029c      0x12c build/uart.o
                0x000000002000029c                uartDati
                0x0000000020000318                hdma_usart2_rx
                0x0000000020000350                hdma_usart2_tx
                0x0000000020000388                huart2
 COMMON         0x00000000200003c8       0x28 build/telemetry.o
                0x00000000200003c8                telemetry
                0x00000000200003e4                leftToTransfer
                0x00000000200003e8                commandsequence
 COMMON         0x00000000200003f0       0xc0 build/i2c.o
                0x00000000200003f0                wii_JOYdati
                0x0000000020000404                hi2c2
                0x0000000020000440                hdma_i2c2_rx
                0x0000000020000478                hdma_i2c2_tx
 COMMON         0x00000000200004b0       0x3c build/delay.o
                0x00000000200004b0                TimHandle
 COMMON         0x00000000200004ec       0x5c build/application.o
                0x00000000200004ec                battery_dati
                0x0000000020000500                app
 COMMON         0x0000000020000548       0x18 build/main.o
                0x0000000020000548                counterTemp
                0x000000002000054c                hiwdg
                0x000000002000055c                counterTempTT
 COMMON         0x0000000020000560        0x4 /usr/lib/gcc/arm-none-eabi/7.2.0/../../../../arm-none-eabi/lib/armv7-m/libc_nano.a(lib_a-reent.o)
                0x0000000020000560                errno
                0x0000000020000564                . = ALIGN (0x4)
                0x0000000020000564                _ebss = .
                0x0000000020000564                __bss_end__ = _ebss

._user_heap_stack
                0x0000000020000564      0x604 load address 0x0000000008005ec4
                0x0000000020000568                . = ALIGN (0x8)
 *fill*         0x0000000020000564        0x4 
                0x0000000020000568                PROVIDE (end, .)
                [!provide]                        PROVIDE (_end, .)
                0x0000000020000768                . = (. + _Min_Heap_Size)
 *fill*         0x0000000020000568      0x200 
                0x0000000020000b68                . = (. + _Min_Stack_Size)
 *fill*         0x0000000020000768      0x400 
                0x0000000020000b68                . = ALIGN (0x8)

/DISCARD/
 libc.a(*)
 libm.a(*)
 libgcc.a(*)

.ARM.attributes
                0x0000000000000000       0x29
 *(.ARM.attributes)
 .ARM.attributes
                0x0000000000000000       0x1d /usr/lib/gcc/arm-none-eabi/7.2.0/armv7-m/crti.o
 .ARM.attributes
                0x000000000000001d       0x2d /usr/lib/gcc/arm-none-eabi/7.2.0/armv7-m/crtbegin.o
 .ARM.attributes
                0x000000000000004a       0x33 build/stm32f1xx_hal_adc.o
 .ARM.attributes
                0x000000000000007d       0x33 build/stm32f1xx_hal_tim_ex.o
 .ARM.attributes
                0x00000000000000b0       0x33 build/stm32f1xx_hal_cortex.o
 .ARM.attributes
                0x00000000000000e3       0x33 build/stm32f1xx_hal_gpio.o
 .ARM.attributes
                0x0000000000000116       0x33 build/system_stm32f1xx.o
 .ARM.attributes
                0x0000000000000149       0x33 build/stm32f1xx_hal_tim.o
 .ARM.attributes
                0x000000000000017c       0x33 build/stm32f1xx_it.o
 .ARM.attributes
                0x00000000000001af       0x33 build/stm32f1xx_hal_rcc.o
 .ARM.attributes
                0x00000000000001e2       0x33 build/stm32f1xx_hal_dma.o
 .ARM.attributes
                0x0000000000000215       0x33 build/stm32f1xx_hal_uart.o
 .ARM.attributes
                0x0000000000000248       0x33 build/stm32f1xx_hal.o
 .ARM.attributes
                0x000000000000027b       0x33 build/stm32f1xx_hal_i2c.o
 .ARM.attributes
                0x00000000000002ae       0x33 build/stm32f1xx_hal_rcc_ex.o
 .ARM.attributes
                0x00000000000002e1       0x33 build/stm32f1xx_hal_iwdg.o
 .ARM.attributes
                0x0000000000000314       0x33 build/ADC_L.o
 .ARM.attributes
                0x0000000000000347       0x33 build/ADC_R.o
 .ARM.attributes
                0x000000000000037a       0x33 build/pid.o
 .ARM.attributes
                0x00000000000003ad       0x33 build/motor_L.o
 .ARM.attributes
                0x00000000000003e0       0x33 build/motor_R.o
 .ARM.attributes
                0x0000000000000413       0x33 build/uart.o
 .ARM.attributes
                0x0000000000000446       0x33 build/varie.o
 .ARM.attributes
                0x0000000000000479       0x33 build/telemetry.o
 .ARM.attributes
                0x00000000000004ac       0x33 build/i2c.o
 .ARM.attributes
                0x00000000000004df       0x33 build/delay.o
 .ARM.attributes
                0x0000000000000512       0x33 build/application.o
 .ARM.attributes
                0x0000000000000545       0x33 build/main.o
 .ARM.attributes
                0x0000000000000578       0x33 build/stm32f1xx_hal_msp.o
 .ARM.attributes
                0x00000000000005ab       0x21 build/startup_stm32f103xe.o
 .ARM.attributes
                0x00000000000005cc       0x2d /usr/lib/gcc/arm-none-eabi/7.2.0/../../../../arm-none-eabi/lib/armv7-m/libc_nano.a(lib_a-impure.o)
 .ARM.attributes
                0x00000000000005f9       0x2d /usr/lib/gcc/arm-none-eabi/7.2.0/../../../../arm-none-eabi/lib/armv7-m/libc_nano.a(lib_a-init.o)
 .ARM.attributes
                0x0000000000000626       0x2d /usr/lib/gcc/arm-none-eabi/7.2.0/../../../../arm-none-eabi/lib/armv7-m/libc_nano.a(lib_a-memset.o)
 .ARM.attributes
                0x0000000000000653       0x2d /usr/lib/gcc/arm-none-eabi/7.2.0/../../../../arm-none-eabi/lib/armv7-m/libc_nano.a(lib_a-snprintf.o)
 .ARM.attributes
                0x0000000000000680       0x17 /usr/lib/gcc/arm-none-eabi/7.2.0/../../../../arm-none-eabi/lib/armv7-m/libc_nano.a(lib_a-strlen.o)
 .ARM.attributes
                0x0000000000000697       0x2d /usr/lib/gcc/arm-none-eabi/7.2.0/../../../../arm-none-eabi/lib/armv7-m/libc_nano.a(lib_a-nano-svfprintf.o)
 .ARM.attributes
                0x00000000000006c4       0x2d /usr/lib/gcc/arm-none-eabi/7.2.0/../../../../arm-none-eabi/lib/armv7-m/libc_nano.a(lib_a-nano-vfprintf_i.o)
 .ARM.attributes
                0x00000000000006f1       0x2d /usr/lib/gcc/arm-none-eabi/7.2.0/../../../../arm-none-eabi/lib/armv7-m/libc_nano.a(lib_a-memchr-stub.o)
 .ARM.attributes
                0x000000000000071e       0x2d /usr/lib/gcc/arm-none-eabi/7.2.0/../../../../arm-none-eabi/lib/armv7-m/libc_nano.a(lib_a-memcpy-stub.o)
 .ARM.attributes
                0x000000000000074b       0x2d /usr/lib/gcc/arm-none-eabi/7.2.0/../../../../arm-none-eabi/lib/armv7-m/libc_nano.a(lib_a-memmove.o)
 .ARM.attributes
                0x0000000000000778       0x2d /usr/lib/gcc/arm-none-eabi/7.2.0/../../../../arm-none-eabi/lib/armv7-m/libc_nano.a(lib_a-nano-freer.o)
 .ARM.attributes
                0x00000000000007a5       0x2d /usr/lib/gcc/arm-none-eabi/7.2.0/../../../../arm-none-eabi/lib/armv7-m/libc_nano.a(lib_a-nano-mallocr.o)
 .ARM.attributes
                0x00000000000007d2       0x2d /usr/lib/gcc/arm-none-eabi/7.2.0/../../../../arm-none-eabi/lib/armv7-m/libc_nano.a(lib_a-nano-reallocr.o)
 .ARM.attributes
                0x00000000000007ff       0x2d /usr/lib/gcc/arm-none-eabi/7.2.0/../../../../arm-none-eabi/lib/armv7-m/libc_nano.a(lib_a-sbrkr.o)
 .ARM.attributes
                0x000000000000082c       0x2d /usr/lib/gcc/arm-none-eabi/7.2.0/../../../../arm-none-eabi/lib/armv7-m/libc_nano.a(lib_a-mlock.o)
 .ARM.attributes
                0x0000000000000859       0x2d /usr/lib/gcc/arm-none-eabi/7.2.0/../../../../arm-none-eabi/lib/armv7-m/libc_nano.a(lib_a-nano-msizer.o)
 .ARM.attributes
                0x0000000000000886       0x2d /usr/lib/gcc/arm-none-eabi/7.2.0/../../../../arm-none-eabi/lib/armv7-m/libc_nano.a(lib_a-reent.o)
 .ARM.attributes
                0x00000000000008b3       0x2d /usr/lib/gcc/arm-none-eabi/7.2.0/../../../../arm-none-eabi/lib/armv7-m/libnosys.a(sbrk.o)
 .ARM.attributes
                0x00000000000008e0       0x1d /usr/lib/gcc/arm-none-eabi/7.2.0/armv7-m/libgcc.a(_arm_addsubdf3.o)
 .ARM.attributes
                0x00000000000008fd       0x1d /usr/lib/gcc/arm-none-eabi/7.2.0/armv7-m/libgcc.a(_arm_muldivdf3.o)
 .ARM.attributes
                0x000000000000091a       0x1d /usr/lib/gcc/arm-none-eabi/7.2.0/armv7-m/libgcc.a(_arm_cmpdf2.o)
 .ARM.attributes
                0x0000000000000937       0x1d /usr/lib/gcc/arm-none-eabi/7.2.0/armv7-m/libgcc.a(_arm_fixunsdfsi.o)
 .ARM.attributes
                0x0000000000000954       0x1d /usr/lib/gcc/arm-none-eabi/7.2.0/armv7-m/libgcc.a(_arm_truncdfsf2.o)
 .ARM.attributes
                0x0000000000000971       0x1d /usr/lib/gcc/arm-none-eabi/7.2.0/armv7-m/libgcc.a(_arm_muldivsf3.o)
 .ARM.attributes
                0x000000000000098e       0x1d /usr/lib/gcc/arm-none-eabi/7.2.0/armv7-m/libgcc.a(_arm_cmpsf2.o)
 .ARM.attributes
                0x00000000000009ab       0x1d /usr/lib/gcc/arm-none-eabi/7.2.0/armv7-m/libgcc.a(_arm_fixsfsi.o)
 .ARM.attributes
                0x00000000000009c8       0x1d /usr/lib/gcc/arm-none-eabi/7.2.0/armv7-m/crtn.o
OUTPUT(build/hoverboard.elf elf32-littlearm)

.debug_info     0x0000000000000000    0x29713
 .debug_info    0x0000000000000000     0x1a2d build/stm32f1xx_hal_adc.o
 .debug_info    0x0000000000001a2d     0x1c8d build/stm32f1xx_hal_tim_ex.o
 .debug_info    0x00000000000036ba     0x165a build/stm32f1xx_hal_cortex.o
 .debug_info    0x0000000000004d14      0xfc7 build/stm32f1xx_hal_gpio.o
 .debug_info    0x0000000000005cdb      0xd38 build/system_stm32f1xx.o
 .debug_info    0x0000000000006a13     0x398c build/stm32f1xx_hal_tim.o
 .debug_info    0x000000000000a39f     0x18d1 build/stm32f1xx_it.o
 .debug_info    0x000000000000bc70     0x1c42 build/stm32f1xx_hal_rcc.o
 .debug_info    0x000000000000d8b2      0xffb build/stm32f1xx_hal_dma.o
 .debug_info    0x000000000000e8ad     0x1b51 build/stm32f1xx_hal_uart.o
 .debug_info    0x00000000000103fe     0x10e2 build/stm32f1xx_hal.o
 .debug_info    0x00000000000114e0     0x353f build/stm32f1xx_hal_i2c.o
 .debug_info    0x0000000000014a1f      0xf21 build/stm32f1xx_hal_rcc_ex.o
 .debug_info    0x0000000000015940      0xcc1 build/stm32f1xx_hal_iwdg.o
 .debug_info    0x0000000000016601     0x142e build/ADC_L.o
 .debug_info    0x0000000000017a2f     0x14fc build/ADC_R.o
 .debug_info    0x0000000000018f2b     0x1710 build/pid.o
 .debug_info    0x000000000001a63b     0x1d26 build/motor_L.o
 .debug_info    0x000000000001c361     0x1d3b build/motor_R.o
 .debug_info    0x000000000001e09c     0x13a9 build/uart.o
 .debug_info    0x000000000001f445     0x1446 build/varie.o
 .debug_info    0x000000000002088b     0x1257 build/telemetry.o
 .debug_info    0x0000000000021ae2     0x15e6 build/i2c.o
 .debug_info    0x00000000000230c8     0x1108 build/delay.o
 .debug_info    0x00000000000241d0     0x1927 build/application.o
 .debug_info    0x0000000000025af7     0x1d31 build/main.o
 .debug_info    0x0000000000027828     0x1ec9 build/stm32f1xx_hal_msp.o
 .debug_info    0x00000000000296f1       0x22 build/startup_stm32f103xe.o

.debug_abbrev   0x0000000000000000     0x4cb1
 .debug_abbrev  0x0000000000000000      0x306 build/stm32f1xx_hal_adc.o
 .debug_abbrev  0x0000000000000306      0x2f8 build/stm32f1xx_hal_tim_ex.o
 .debug_abbrev  0x00000000000005fe      0x3b7 build/stm32f1xx_hal_cortex.o
 .debug_abbrev  0x00000000000009b5      0x2be build/stm32f1xx_hal_gpio.o
 .debug_abbrev  0x0000000000000c73      0x209 build/system_stm32f1xx.o
 .debug_abbrev  0x0000000000000e7c      0x31f build/stm32f1xx_hal_tim.o
 .debug_abbrev  0x000000000000119b      0x288 build/stm32f1xx_it.o
 .debug_abbrev  0x0000000000001423      0x345 build/stm32f1xx_hal_rcc.o
 .debug_abbrev  0x0000000000001768      0x2e1 build/stm32f1xx_hal_dma.o
 .debug_abbrev  0x0000000000001a49      0x32f build/stm32f1xx_hal_uart.o
 .debug_abbrev  0x0000000000001d78      0x31a build/stm32f1xx_hal.o
 .debug_abbrev  0x0000000000002092      0x322 build/stm32f1xx_hal_i2c.o
 .debug_abbrev  0x00000000000023b4      0x2f7 build/stm32f1xx_hal_rcc_ex.o
 .debug_abbrev  0x00000000000026ab      0x2a6 build/stm32f1xx_hal_iwdg.o
 .debug_abbrev  0x0000000000002951      0x2a3 build/ADC_L.o
 .debug_abbrev  0x0000000000002bf4      0x2a3 build/ADC_R.o
 .debug_abbrev  0x0000000000002e97      0x2e5 build/pid.o
 .debug_abbrev  0x000000000000317c      0x2ec build/motor_L.o
 .debug_abbrev  0x0000000000003468      0x2ec build/motor_R.o
 .debug_abbrev  0x0000000000003754      0x296 build/uart.o
 .debug_abbrev  0x00000000000039ea      0x285 build/varie.o
 .debug_abbrev  0x0000000000003c6f      0x23d build/telemetry.o
 .debug_abbrev  0x0000000000003eac      0x2a7 build/i2c.o
 .debug_abbrev  0x0000000000004153      0x258 build/delay.o
 .debug_abbrev  0x00000000000043ab      0x33d build/application.o
 .debug_abbrev  0x00000000000046e8      0x32c build/main.o
 .debug_abbrev  0x0000000000004a14      0x28b build/stm32f1xx_hal_msp.o
 .debug_abbrev  0x0000000000004c9f       0x12 build/startup_stm32f103xe.o

.debug_loc      0x0000000000000000     0xf2b2
 .debug_loc     0x0000000000000000      0xe1f build/stm32f1xx_hal_adc.o
 .debug_loc     0x0000000000000e1f     0x1185 build/stm32f1xx_hal_tim_ex.o
 .debug_loc     0x0000000000001fa4      0x63d build/stm32f1xx_hal_cortex.o
 .debug_loc     0x00000000000025e1      0x50b build/stm32f1xx_hal_gpio.o
 .debug_loc     0x0000000000002aec       0xdf build/system_stm32f1xx.o
 .debug_loc     0x0000000000002bcb     0x404a build/stm32f1xx_hal_tim.o
 .debug_loc     0x0000000000006c15      0x240 build/stm32f1xx_it.o
 .debug_loc     0x0000000000006e55      0xa04 build/stm32f1xx_hal_rcc.o
 .debug_loc     0x0000000000007859      0x542 build/stm32f1xx_hal_dma.o
 .debug_loc     0x0000000000007d9b     0x1560 build/stm32f1xx_hal_uart.o
 .debug_loc     0x00000000000092fb      0x119 build/stm32f1xx_hal.o
 .debug_loc     0x0000000000009414     0x398b build/stm32f1xx_hal_i2c.o
 .debug_loc     0x000000000000cd9f      0x3e0 build/stm32f1xx_hal_rcc_ex.o
 .debug_loc     0x000000000000d17f      0x186 build/stm32f1xx_hal_iwdg.o
 .debug_loc     0x000000000000d305      0x118 build/ADC_L.o
 .debug_loc     0x000000000000d41d      0x195 build/ADC_R.o
 .debug_loc     0x000000000000d5b2      0x338 build/pid.o
 .debug_loc     0x000000000000d8ea      0x1e9 build/motor_L.o
 .debug_loc     0x000000000000dad3      0x1e9 build/motor_R.o
 .debug_loc     0x000000000000dcbc       0xdc build/uart.o
 .debug_loc     0x000000000000dd98      0x32a build/varie.o
 .debug_loc     0x000000000000e0c2       0x60 build/telemetry.o
 .debug_loc     0x000000000000e122       0xff build/i2c.o
 .debug_loc     0x000000000000e221      0x132 build/delay.o
 .debug_loc     0x000000000000e353      0xa99 build/application.o
 .debug_loc     0x000000000000edec      0x1e5 build/main.o
 .debug_loc     0x000000000000efd1      0x2e1 build/stm32f1xx_hal_msp.o

.debug_aranges  0x0000000000000000     0x12c8
 .debug_aranges
                0x0000000000000000       0xf0 build/stm32f1xx_hal_adc.o
 .debug_aranges
                0x00000000000000f0      0x138 build/stm32f1xx_hal_tim_ex.o
 .debug_aranges
                0x0000000000000228       0x90 build/stm32f1xx_hal_cortex.o
 .debug_aranges
                0x00000000000002b8       0x58 build/stm32f1xx_hal_gpio.o
 .debug_aranges
                0x0000000000000310       0x28 build/system_stm32f1xx.o
 .debug_aranges
                0x0000000000000338      0x368 build/stm32f1xx_hal_tim.o
 .debug_aranges
                0x00000000000006a0       0xd0 build/stm32f1xx_it.o
 .debug_aranges
                0x0000000000000770       0x88 build/stm32f1xx_hal_rcc.o
 .debug_aranges
                0x00000000000007f8       0x68 build/stm32f1xx_hal_dma.o
 .debug_aranges
                0x0000000000000860      0x150 build/stm32f1xx_hal_uart.o
 .debug_aranges
                0x00000000000009b0       0xb0 build/stm32f1xx_hal.o
 .debug_aranges
                0x0000000000000a60      0x218 build/stm32f1xx_hal_i2c.o
 .debug_aranges
                0x0000000000000c78       0x30 build/stm32f1xx_hal_rcc_ex.o
 .debug_aranges
                0x0000000000000ca8       0x40 build/stm32f1xx_hal_iwdg.o
 .debug_aranges
                0x0000000000000ce8       0x48 build/ADC_L.o
 .debug_aranges
                0x0000000000000d30       0x58 build/ADC_R.o
 .debug_aranges
                0x0000000000000d88       0x50 build/pid.o
 .debug_aranges
                0x0000000000000dd8       0xe0 build/motor_L.o
 .debug_aranges
                0x0000000000000eb8       0xe0 build/motor_R.o
 .debug_aranges
                0x0000000000000f98       0x50 build/uart.o
 .debug_aranges
                0x0000000000000fe8       0xa8 build/varie.o
 .debug_aranges
                0x0000000000001090       0x30 build/telemetry.o
 .debug_aranges
                0x00000000000010c0       0x50 build/i2c.o
 .debug_aranges
                0x0000000000001110       0x40 build/delay.o
 .debug_aranges
                0x0000000000001150       0xb8 build/application.o
 .debug_aranges
                0x0000000000001208       0x40 build/main.o
 .debug_aranges
                0x0000000000001248       0x58 build/stm32f1xx_hal_msp.o
 .debug_aranges
                0x00000000000012a0       0x28 build/startup_stm32f103xe.o

.debug_ranges   0x0000000000000000     0x11b8
 .debug_ranges  0x0000000000000000       0xe0 build/stm32f1xx_hal_adc.o
 .debug_ranges  0x00000000000000e0      0x128 build/stm32f1xx_hal_tim_ex.o
 .debug_ranges  0x0000000000000208       0xe0 build/stm32f1xx_hal_cortex.o
 .debug_ranges  0x00000000000002e8       0x48 build/stm32f1xx_hal_gpio.o
 .debug_ranges  0x0000000000000330       0x18 build/system_stm32f1xx.o
 .debug_ranges  0x0000000000000348      0x358 build/stm32f1xx_hal_tim.o
 .debug_ranges  0x00000000000006a0       0xc0 build/stm32f1xx_it.o
 .debug_ranges  0x0000000000000760       0x78 build/stm32f1xx_hal_rcc.o
 .debug_ranges  0x00000000000007d8       0x58 build/stm32f1xx_hal_dma.o
 .debug_ranges  0x0000000000000830      0x140 build/stm32f1xx_hal_uart.o
 .debug_ranges  0x0000000000000970       0xa0 build/stm32f1xx_hal.o
 .debug_ranges  0x0000000000000a10      0x208 build/stm32f1xx_hal_i2c.o
 .debug_ranges  0x0000000000000c18       0x20 build/stm32f1xx_hal_rcc_ex.o
 .debug_ranges  0x0000000000000c38       0x30 build/stm32f1xx_hal_iwdg.o
 .debug_ranges  0x0000000000000c68       0x38 build/ADC_L.o
 .debug_ranges  0x0000000000000ca0       0x48 build/ADC_R.o
 .debug_ranges  0x0000000000000ce8       0x40 build/pid.o
 .debug_ranges  0x0000000000000d28       0xd0 build/motor_L.o
 .debug_ranges  0x0000000000000df8       0xd0 build/motor_R.o
 .debug_ranges  0x0000000000000ec8       0x40 build/uart.o
 .debug_ranges  0x0000000000000f08       0xb0 build/varie.o
 .debug_ranges  0x0000000000000fb8       0x20 build/telemetry.o
 .debug_ranges  0x0000000000000fd8       0x40 build/i2c.o
 .debug_ranges  0x0000000000001018       0x30 build/delay.o
 .debug_ranges  0x0000000000001048       0xa8 build/application.o
 .debug_ranges  0x00000000000010f0       0x60 build/main.o
 .debug_ranges  0x0000000000001150       0x48 build/stm32f1xx_hal_msp.o
 .debug_ranges  0x0000000000001198       0x20 build/startup_stm32f103xe.o

.debug_line     0x0000000000000000     0x9448
 .debug_line    0x0000000000000000      0x844 build/stm32f1xx_hal_adc.o
 .debug_line    0x0000000000000844      0x7e9 build/stm32f1xx_hal_tim_ex.o
 .debug_line    0x000000000000102d      0x366 build/stm32f1xx_hal_cortex.o
 .debug_line    0x0000000000001393      0x3b1 build/stm32f1xx_hal_gpio.o
 .debug_line    0x0000000000001744      0x1cb build/system_stm32f1xx.o
 .debug_line    0x000000000000190f     0x127e build/stm32f1xx_hal_tim.o
 .debug_line    0x0000000000002b8d      0x448 build/stm32f1xx_it.o
 .debug_line    0x0000000000002fd5      0x715 build/stm32f1xx_hal_rcc.o
 .debug_line    0x00000000000036ea      0xaec build/stm32f1xx_hal_dma.o
 .debug_line    0x00000000000041d6      0x8fb build/stm32f1xx_hal_uart.o
 .debug_line    0x0000000000004ad1      0x36d build/stm32f1xx_hal.o
 .debug_line    0x0000000000004e3e     0x1230 build/stm32f1xx_hal_i2c.o
 .debug_line    0x000000000000606e      0x340 build/stm32f1xx_hal_rcc_ex.o
 .debug_line    0x00000000000063ae      0x2b1 build/stm32f1xx_hal_iwdg.o
 .debug_line    0x000000000000665f      0x28e build/ADC_L.o
 .debug_line    0x00000000000068ed      0x2be build/ADC_R.o
 .debug_line    0x0000000000006bab      0x2f8 build/pid.o
 .debug_line    0x0000000000006ea3      0x4e2 build/motor_L.o
 .debug_line    0x0000000000007385      0x4e5 build/motor_R.o
 .debug_line    0x000000000000786a      0x2a5 build/uart.o
 .debug_line    0x0000000000007b0f      0x3fe build/varie.o
 .debug_line    0x0000000000007f0d      0x258 build/telemetry.o
 .debug_line    0x0000000000008165      0x303 build/i2c.o
 .debug_line    0x0000000000008468      0x238 build/delay.o
 .debug_line    0x00000000000086a0      0x5db build/application.o
 .debug_line    0x0000000000008c7b      0x3e0 build/main.o
 .debug_line    0x000000000000905b      0x37b build/stm32f1xx_hal_msp.o
 .debug_line    0x00000000000093d6       0x72 build/startup_stm32f103xe.o

.debug_str      0x0000000000000000     0x4f80
 .debug_str     0x0000000000000000      0xbaf build/stm32f1xx_hal_adc.o
                                        0xc85 (size before relaxing)
 .debug_str     0x0000000000000baf      0x7d9 build/stm32f1xx_hal_tim_ex.o
                                        0xfa1 (size before relaxing)
 .debug_str     0x0000000000001388      0x6fb build/stm32f1xx_hal_cortex.o
                                        0xd73 (size before relaxing)
 .debug_str     0x0000000000001a83      0x203 build/stm32f1xx_hal_gpio.o
                                        0x7fc (size before relaxing)
 .debug_str     0x0000000000001c86       0x4c build/system_stm32f1xx.o
                                        0x665 (size before relaxing)
 .debug_str     0x0000000000001cd2      0xc0c build/stm32f1xx_hal_tim.o
                                       0x1707 (size before relaxing)
 .debug_str     0x00000000000028de      0x4c0 build/stm32f1xx_it.o
                                        0xf33 (size before relaxing)
 .debug_str     0x0000000000002d9e      0x320 build/stm32f1xx_hal_rcc.o
                                        0x9bb (size before relaxing)
 .debug_str     0x00000000000030be      0x115 build/stm32f1xx_hal_dma.o
                                        0x8e8 (size before relaxing)
 .debug_str     0x00000000000031d3      0x514 build/stm32f1xx_hal_uart.o
                                        0xd62 (size before relaxing)
 .debug_str     0x00000000000036e7      0x18f build/stm32f1xx_hal.o
                                        0xc27 (size before relaxing)
 .debug_str     0x0000000000003876      0x64d build/stm32f1xx_hal_i2c.o
                                       0x1055 (size before relaxing)
 .debug_str     0x0000000000003ec3      0x135 build/stm32f1xx_hal_rcc_ex.o
                                        0x7f0 (size before relaxing)
 .debug_str     0x0000000000003ff8      0x147 build/stm32f1xx_hal_iwdg.o
                                        0x75c (size before relaxing)
 .debug_str     0x000000000000413f       0x99 build/ADC_L.o
                                        0xde9 (size before relaxing)
 .debug_str     0x00000000000041d8       0xa8 build/ADC_R.o
                                        0xe0f (size before relaxing)
 .debug_str     0x0000000000004280       0xd4 build/pid.o
                                        0xf78 (size before relaxing)
 .debug_str     0x0000000000004354      0x20e build/motor_L.o
                                       0x1174 (size before relaxing)
 .debug_str     0x0000000000004562      0x16f build/motor_R.o
                                       0x1174 (size before relaxing)
 .debug_str     0x00000000000046d1       0xae build/uart.o
                                        0xe5c (size before relaxing)
 .debug_str     0x000000000000477f      0x107 build/varie.o
                                        0x89e (size before relaxing)
 .debug_str     0x0000000000004886      0x26d build/telemetry.o
                                        0xbf4 (size before relaxing)
 .debug_str     0x0000000000004af3       0x94 build/i2c.o
                                        0xf13 (size before relaxing)
 .debug_str     0x0000000000004b87       0x4b build/delay.o
                                        0x9db (size before relaxing)
 .debug_str     0x0000000000004bd2      0x279 build/application.o
                                        0xc58 (size before relaxing)
 .debug_str     0x0000000000004e4b       0xee build/main.o
                                       0x1324 (size before relaxing)
 .debug_str     0x0000000000004f39       0x23 build/stm32f1xx_hal_msp.o
                                       0x1378 (size before relaxing)
 .debug_str     0x0000000000004f5c       0x24 build/startup_stm32f103xe.o
                                         0x5a (size before relaxing)

.comment        0x0000000000000000       0x1d
 .comment       0x0000000000000000       0x1d build/stm32f1xx_hal_adc.o
                                         0x1e (size before relaxing)
 .comment       0x000000000000001d       0x1e build/stm32f1xx_hal_tim_ex.o
 .comment       0x000000000000001d       0x1e build/stm32f1xx_hal_cortex.o
 .comment       0x000000000000001d       0x1e build/stm32f1xx_hal_gpio.o
 .comment       0x000000000000001d       0x1e build/system_stm32f1xx.o
 .comment       0x000000000000001d       0x1e build/stm32f1xx_hal_tim.o
 .comment       0x000000000000001d       0x1e build/stm32f1xx_it.o
 .comment       0x000000000000001d       0x1e build/stm32f1xx_hal_rcc.o
 .comment       0x000000000000001d       0x1e build/stm32f1xx_hal_dma.o
 .comment       0x000000000000001d       0x1e build/stm32f1xx_hal_uart.o
 .comment       0x000000000000001d       0x1e build/stm32f1xx_hal.o
 .comment       0x000000000000001d       0x1e build/stm32f1xx_hal_i2c.o
 .comment       0x000000000000001d       0x1e build/stm32f1xx_hal_rcc_ex.o
 .comment       0x000000000000001d       0x1e build/stm32f1xx_hal_iwdg.o
 .comment       0x000000000000001d       0x1e build/ADC_L.o
 .comment       0x000000000000001d       0x1e build/ADC_R.o
 .comment       0x000000000000001d       0x1e build/pid.o
 .comment       0x000000000000001d       0x1e build/motor_L.o
 .comment       0x000000000000001d       0x1e build/motor_R.o
 .comment       0x000000000000001d       0x1e build/uart.o
 .comment       0x000000000000001d       0x1e build/varie.o
 .comment       0x000000000000001d       0x1e build/telemetry.o
 .comment       0x000000000000001d       0x1e build/i2c.o
 .comment       0x000000000000001d       0x1e build/delay.o
 .comment       0x000000000000001d       0x1e build/application.o
 .comment       0x000000000000001d       0x1e build/main.o
 .comment       0x000000000000001d       0x1e build/stm32f1xx_hal_msp.o

.debug_frame    0x0000000000000000     0x3e74
 .debug_frame   0x0000000000000000      0x328 build/stm32f1xx_hal_adc.o
 .debug_frame   0x0000000000000328      0x3f0 build/stm32f1xx_hal_tim_ex.o
 .debug_frame   0x0000000000000718      0x13c build/stm32f1xx_hal_cortex.o
 .debug_frame   0x0000000000000854       0xe8 build/stm32f1xx_hal_gpio.o
 .debug_frame   0x000000000000093c       0x30 build/system_stm32f1xx.o
 .debug_frame   0x000000000000096c      0xb04 build/stm32f1xx_hal_tim.o
 .debug_frame   0x0000000000001470      0x258 build/stm32f1xx_it.o
 .debug_frame   0x00000000000016c8      0x174 build/stm32f1xx_hal_rcc.o
 .debug_frame   0x000000000000183c      0x120 build/stm32f1xx_hal_dma.o
 .debug_frame   0x000000000000195c      0x3e4 build/stm32f1xx_hal_uart.o
 .debug_frame   0x0000000000001d40      0x174 build/stm32f1xx_hal.o
 .debug_frame   0x0000000000001eb4      0x860 build/stm32f1xx_hal_i2c.o
 .debug_frame   0x0000000000002714       0x74 build/stm32f1xx_hal_rcc_ex.o
 .debug_frame   0x0000000000002788       0x8c build/stm32f1xx_hal_iwdg.o
 .debug_frame   0x0000000000002814       0xb4 build/ADC_L.o
 .debug_frame   0x00000000000028c8       0xec build/ADC_R.o
 .debug_frame   0x00000000000029b4       0xf4 build/pid.o
 .debug_frame   0x0000000000002aa8      0x21c build/motor_L.o
 .debug_frame   0x0000000000002cc4      0x218 build/motor_R.o
 .debug_frame   0x0000000000002edc       0xa8 build/uart.o
 .debug_frame   0x0000000000002f84      0x1f4 build/varie.o
 .debug_frame   0x0000000000003178       0x64 build/telemetry.o
 .debug_frame   0x00000000000031dc       0xc0 build/i2c.o
 .debug_frame   0x000000000000329c       0xa4 build/delay.o
 .debug_frame   0x0000000000003340      0x278 build/application.o
 .debug_frame   0x00000000000035b8       0xb4 build/main.o
 .debug_frame   0x000000000000366c      0x114 build/stm32f1xx_hal_msp.o
 .debug_frame   0x0000000000003780       0x2c /usr/lib/gcc/arm-none-eabi/7.2.0/../../../../arm-none-eabi/lib/armv7-m/libc_nano.a(lib_a-init.o)
 .debug_frame   0x00000000000037ac       0x20 /usr/lib/gcc/arm-none-eabi/7.2.0/../../../../arm-none-eabi/lib/armv7-m/libc_nano.a(lib_a-memset.o)
 .debug_frame   0x00000000000037cc       0x7c /usr/lib/gcc/arm-none-eabi/7.2.0/../../../../arm-none-eabi/lib/armv7-m/libc_nano.a(lib_a-snprintf.o)
 .debug_frame   0x0000000000003848       0x90 /usr/lib/gcc/arm-none-eabi/7.2.0/../../../../arm-none-eabi/lib/armv7-m/libc_nano.a(lib_a-nano-svfprintf.o)
 .debug_frame   0x00000000000038d8       0x60 /usr/lib/gcc/arm-none-eabi/7.2.0/../../../../arm-none-eabi/lib/armv7-m/libc_nano.a(lib_a-nano-vfprintf_i.o)
 .debug_frame   0x0000000000003938       0x28 /usr/lib/gcc/arm-none-eabi/7.2.0/../../../../arm-none-eabi/lib/armv7-m/libc_nano.a(lib_a-memchr-stub.o)
 .debug_frame   0x0000000000003960       0x28 /usr/lib/gcc/arm-none-eabi/7.2.0/../../../../arm-none-eabi/lib/armv7-m/libc_nano.a(lib_a-memcpy-stub.o)
 .debug_frame   0x0000000000003988       0x28 /usr/lib/gcc/arm-none-eabi/7.2.0/../../../../arm-none-eabi/lib/armv7-m/libc_nano.a(lib_a-memmove.o)
 .debug_frame   0x00000000000039b0       0x38 /usr/lib/gcc/arm-none-eabi/7.2.0/../../../../arm-none-eabi/lib/armv7-m/libc_nano.a(lib_a-nano-freer.o)
 .debug_frame   0x00000000000039e8       0x2c /usr/lib/gcc/arm-none-eabi/7.2.0/../../../../arm-none-eabi/lib/armv7-m/libc_nano.a(lib_a-nano-mallocr.o)
 .debug_frame   0x0000000000003a14       0x3c /usr/lib/gcc/arm-none-eabi/7.2.0/../../../../arm-none-eabi/lib/armv7-m/libc_nano.a(lib_a-nano-reallocr.o)
 .debug_frame   0x0000000000003a50       0x2c /usr/lib/gcc/arm-none-eabi/7.2.0/../../../../arm-none-eabi/lib/armv7-m/libc_nano.a(lib_a-sbrkr.o)
 .debug_frame   0x0000000000003a7c       0x30 /usr/lib/gcc/arm-none-eabi/7.2.0/../../../../arm-none-eabi/lib/armv7-m/libc_nano.a(lib_a-mlock.o)
 .debug_frame   0x0000000000003aac       0x20 /usr/lib/gcc/arm-none-eabi/7.2.0/../../../../arm-none-eabi/lib/armv7-m/libc_nano.a(lib_a-nano-msizer.o)
 .debug_frame   0x0000000000003acc       0x5c /usr/lib/gcc/arm-none-eabi/7.2.0/../../../../arm-none-eabi/lib/armv7-m/libc_nano.a(lib_a-reent.o)
 .debug_frame   0x0000000000003b28       0x20 /usr/lib/gcc/arm-none-eabi/7.2.0/../../../../arm-none-eabi/lib/armv7-m/libnosys.a(sbrk.o)
 .debug_frame   0x0000000000003b48       0xac /usr/lib/gcc/arm-none-eabi/7.2.0/armv7-m/libgcc.a(_arm_addsubdf3.o)
 .debug_frame   0x0000000000003bf4       0x50 /usr/lib/gcc/arm-none-eabi/7.2.0/armv7-m/libgcc.a(_arm_muldivdf3.o)
 .debug_frame   0x0000000000003c44       0xc4 /usr/lib/gcc/arm-none-eabi/7.2.0/armv7-m/libgcc.a(_arm_cmpdf2.o)
 .debug_frame   0x0000000000003d08       0x24 /usr/lib/gcc/arm-none-eabi/7.2.0/armv7-m/libgcc.a(_arm_fixunsdfsi.o)
 .debug_frame   0x0000000000003d2c       0x24 /usr/lib/gcc/arm-none-eabi/7.2.0/armv7-m/libgcc.a(_arm_truncdfsf2.o)
 .debug_frame   0x0000000000003d50       0x38 /usr/lib/gcc/arm-none-eabi/7.2.0/armv7-m/libgcc.a(_arm_muldivsf3.o)
 .debug_frame   0x0000000000003d88       0xc8 /usr/lib/gcc/arm-none-eabi/7.2.0/armv7-m/libgcc.a(_arm_cmpsf2.o)
 .debug_frame   0x0000000000003e50       0x24 /usr/lib/gcc/arm-none-eabi/7.2.0/armv7-m/libgcc.a(_arm_fixsfsi.o)

Cross Reference Table

Symbol                                            File
ADC1_2_IRQHandler                                 build/startup_stm32f103xe.o
ADC3_IRQHandler                                   build/startup_stm32f103xe.o
ADC_BATTERY                                       build/ADC_R.o
                                                  build/application.o
ADC_ConversionStop_Disable                        build/stm32f1xx_hal_adc.o
                                                  build/stm32f1xx_hal_adc_ex.o
ADC_DMAConvCplt                                   build/stm32f1xx_hal_adc.o
                                                  build/stm32f1xx_hal_adc_ex.o
ADC_DMAError                                      build/stm32f1xx_hal_adc.o
                                                  build/stm32f1xx_hal_adc_ex.o
ADC_DMAHalfConvCplt                               build/stm32f1xx_hal_adc.o
                                                  build/stm32f1xx_hal_adc_ex.o
ADC_Enable                                        build/stm32f1xx_hal_adc.o
                                                  build/stm32f1xx_hal_adc_ex.o
ADC_L_ResetFlag                                   build/ADC_L.o
ADC_L_callback                                    build/ADC_L.o
                                                  build/main.o
ADC_L_init                                        build/ADC_L.o
                                                  build/main.o
ADC_MOTOR_LEFT                                    build/ADC_L.o
                                                  build/application.o
ADC_MOTOR_LEFT_IS_CONV                            build/ADC_L.o
ADC_MOTOR_RIGHT                                   build/ADC_R.o
                                                  build/application.o
ADC_MOTOR_RIGHT_IS_CONV                           build/ADC_R.o
ADC_R_ResetFlag                                   build/ADC_R.o
ADC_R_callback                                    build/ADC_R.o
                                                  build/main.o
ADC_R_init                                        build/ADC_R.o
                                                  build/main.o
AHBPrescTable                                     build/system_stm32f1xx.o
                                                  build/stm32f1xx_hal_rcc.o
APBPrescTable                                     build/system_stm32f1xx.o
                                                  build/stm32f1xx_hal_rcc.o
Battery_TASK                                      build/application.o
                                                  build/main.o
Battery_power                                     build/application.o
BusFault_Handler                                  build/stm32f1xx_it.o
Button_init                                       build/varie.o
                                                  build/main.o
Buzzer_OneBeep                                    build/varie.o
Buzzer_OneLongBeep                                build/varie.o
                                                  build/main.o
                                                  build/application.o
Buzzer_OneShortBeep                               build/varie.o
                                                  build/application.o
Buzzer_Set                                        build/varie.o
Buzzer_TwoBeep                                    build/varie.o
                                                  build/main.o
Buzzer_init                                       build/varie.o
                                                  build/main.o
CAN1_RX1_IRQHandler                               build/startup_stm32f103xe.o
CAN1_SCE_IRQHandler                               build/startup_stm32f103xe.o
Console_Log                                       build/uart.o
                                                  build/main.o
Current_Motor_TASK                                build/application.o
DMA1_Channel1_IRQHandler                          build/stm32f1xx_it.o
DMA1_Channel2_IRQHandler                          build/startup_stm32f103xe.o
DMA1_Channel3_IRQHandler                          build/startup_stm32f103xe.o
DMA1_Channel4_IRQHandler                          build/stm32f1xx_it.o
DMA1_Channel5_IRQHandler                          build/stm32f1xx_it.o
DMA1_Channel6_IRQHandler                          build/stm32f1xx_it.o
DMA1_Channel7_IRQHandler                          build/stm32f1xx_it.o
DMA2_Channel1_IRQHandler                          build/startup_stm32f103xe.o
DMA2_Channel2_IRQHandler                          build/startup_stm32f103xe.o
DMA2_Channel3_IRQHandler                          build/startup_stm32f103xe.o
DMA2_Channel4_5_IRQHandler                        build/stm32f1xx_it.o
DebugMon_Handler                                  build/stm32f1xx_it.o
DebugPin4_OFF                                     build/varie.o
DebugPin4_ON                                      build/varie.o
DebugPin5_OFF                                     build/varie.o
DebugPin5_ON                                      build/varie.o
DebugPin_init                                     build/varie.o
Default_Handler                                   build/startup_stm32f103xe.o
Delay_ms                                          build/delay.o
Delay_us                                          build/delay.o
                                                  build/varie.o
EXTI0_IRQHandler                                  build/startup_stm32f103xe.o
EXTI15_10_IRQHandler                              build/stm32f1xx_it.o
EXTI1_IRQHandler                                  build/startup_stm32f103xe.o
EXTI2_IRQHandler                                  build/startup_stm32f103xe.o
EXTI3_IRQHandler                                  build/startup_stm32f103xe.o
EXTI4_IRQHandler                                  build/startup_stm32f103xe.o
EXTI9_5_IRQHandler                                build/stm32f1xx_it.o
Error_Handler                                     build/main.o
                                                  build/stm32f1xx_hal_msp.o
                                                  build/i2c.o
                                                  build/uart.o
                                                  build/pid.o
                                                  build/ADC_R.o
                                                  build/ADC_L.o
FLASH_IRQHandler                                  build/startup_stm32f103xe.o
FLASH_PageErase                                   build/stm32f1xx_hal_flash_ex.o
                                                  build/stm32f1xx_hal_flash.o
FLASH_WaitForLastOperation                        build/stm32f1xx_hal_flash.o
                                                  build/stm32f1xx_hal_flash_ex.o
FSMC_IRQHandler                                   build/startup_stm32f103xe.o
GET_BATTERY_VOLT                                  build/ADC_R.o
GET_BatteryAverage                                build/application.o
                                                  build/main.o
GET_MOTOR_L_AMP                                   build/ADC_L.o
GET_MOTOR_R_AMP                                   build/ADC_R.o
HALL_L_ISR_Callback                               build/motor_L.o
                                                  build/stm32f1xx_it.o
HALL_R_ISR_Callback                               build/motor_R.o
                                                  build/stm32f1xx_it.o
HAL_ADCEx_Calibration_Start                       build/stm32f1xx_hal_adc_ex.o
HAL_ADCEx_InjectedConfigChannel                   build/stm32f1xx_hal_adc_ex.o
HAL_ADCEx_InjectedConvCpltCallback                build/stm32f1xx_hal_adc_ex.o
                                                  build/stm32f1xx_hal_adc.o
HAL_ADCEx_InjectedGetValue                        build/stm32f1xx_hal_adc_ex.o
HAL_ADCEx_InjectedPollForConversion               build/stm32f1xx_hal_adc_ex.o
HAL_ADCEx_InjectedStart                           build/stm32f1xx_hal_adc_ex.o
HAL_ADCEx_InjectedStart_IT                        build/stm32f1xx_hal_adc_ex.o
HAL_ADCEx_InjectedStop                            build/stm32f1xx_hal_adc_ex.o
HAL_ADCEx_InjectedStop_IT                         build/stm32f1xx_hal_adc_ex.o
HAL_ADCEx_MultiModeConfigChannel                  build/stm32f1xx_hal_adc_ex.o
HAL_ADCEx_MultiModeGetValue                       build/stm32f1xx_hal_adc_ex.o
HAL_ADCEx_MultiModeStart_DMA                      build/stm32f1xx_hal_adc_ex.o
HAL_ADCEx_MultiModeStop_DMA                       build/stm32f1xx_hal_adc_ex.o
HAL_ADC_AnalogWDGConfig                           build/stm32f1xx_hal_adc.o
HAL_ADC_ConfigChannel                             build/stm32f1xx_hal_adc.o
                                                  build/ADC_R.o
                                                  build/ADC_L.o
HAL_ADC_ConvCpltCallback                          build/main.o
                                                  build/stm32f1xx_hal_adc.o
HAL_ADC_ConvHalfCpltCallback                      build/stm32f1xx_hal_adc.o
HAL_ADC_DeInit                                    build/stm32f1xx_hal_adc.o
HAL_ADC_ErrorCallback                             build/stm32f1xx_hal_adc.o